Nov 28 05:01:25 ip-172-31-0-100 kernel: Linux version 4.14.294-220.533.amzn2.x86_64 (mockbuild@ip-10-0-51-104) (gcc version 7.3.1 20180712 (Red Hat 7.3.1-15) (GCC)) #1 SMP Thu Sep 29 01:01:23 UTC 2022
Nov 28 05:01:25 ip-172-31-0-100 kernel: Command line: BOOT_IMAGE=/boot/vmlinuz-4.14.294-220.533.amzn2.x86_64 root=UUID=a3e0888b-d80b-4554-b1c7-d5a1a4ac1d52 ro console=tty0 console=ttyS0,115200n8 net.ifnames=0 biosdevname=0 nvme_core.io_timeout=4294967295 rd.emergency=poweroff rd.shell=0
Nov 28 05:01:25 ip-172-31-0-100 kernel: x86/fpu: Supporting XSAVE feature 0x001: 'x87 floating point registers'
Nov 28 05:01:25 ip-172-31-0-100 kernel: x86/fpu: Supporting XSAVE feature 0x002: 'SSE registers'
Nov 28 05:01:25 ip-172-31-0-100 kernel: x86/fpu: Supporting XSAVE feature 0x004: 'AVX registers'
Nov 28 05:01:25 ip-172-31-0-100 kernel: x86/fpu: xstate_offset[2]:  576, xstate_sizes[2]:  256
Nov 28 05:01:25 ip-172-31-0-100 kernel: x86/fpu: Enabled xstate features 0x7, context size is 832 bytes, using 'standard' format.
Nov 28 05:01:25 ip-172-31-0-100 kernel: e820: BIOS-provided physical RAM map:
Nov 28 05:01:25 ip-172-31-0-100 kernel: BIOS-e820: [mem 0x0000000000000000-0x000000000009dfff] usable
Nov 28 05:01:25 ip-172-31-0-100 kernel: BIOS-e820: [mem 0x000000000009e000-0x000000000009ffff] reserved
Nov 28 05:01:25 ip-172-31-0-100 kernel: BIOS-e820: [mem 0x00000000000e0000-0x00000000000fffff] reserved
Nov 28 05:01:25 ip-172-31-0-100 kernel: BIOS-e820: [mem 0x0000000000100000-0x000000003fffffff] usable
Nov 28 05:01:25 ip-172-31-0-100 kernel: BIOS-e820: [mem 0x00000000fc000000-0x00000000ffffffff] reserved
Nov 28 05:01:25 ip-172-31-0-100 kernel: NX (Execute Disable) protection: active
Nov 28 05:01:25 ip-172-31-0-100 kernel: SMBIOS 2.7 present.
Nov 28 05:01:25 ip-172-31-0-100 kernel: DMI: Xen HVM domU, BIOS 4.2.amazon 08/24/2006
Nov 28 05:01:25 ip-172-31-0-100 kernel: Hypervisor detected: Xen HVM
Nov 28 05:01:25 ip-172-31-0-100 kernel: Xen version 4.2.
Nov 28 05:01:25 ip-172-31-0-100 kernel: Netfront and the Xen platform PCI driver have been compiled for this kernel: unplug emulated NICs.
Nov 28 05:01:25 ip-172-31-0-100 kernel: Blkfront and the Xen platform PCI driver have been compiled for this kernel: unplug emulated disks.#012You might have to change the root device#012from /dev/hd[a-d] to /dev/xvd[a-d]#012in your root= kernel command line option
Nov 28 05:01:25 ip-172-31-0-100 kernel: tsc: Fast TSC calibration using PIT
Nov 28 05:01:25 ip-172-31-0-100 kernel: e820: last_pfn = 0x40000 max_arch_pfn = 0x400000000
Nov 28 05:01:25 ip-172-31-0-100 kernel: x86/PAT: Configuration [0-7]: WB  WC  UC- UC  WB  WP  UC- WT  
Nov 28 05:01:25 ip-172-31-0-100 kernel: found SMP MP-table at [mem 0x000fbc50-0x000fbc5f]
Nov 28 05:01:25 ip-172-31-0-100 kernel: Scanning 1 areas for low memory corruption
Nov 28 05:01:25 ip-172-31-0-100 kernel: RAMDISK: [mem 0x36bb3000-0x375d0fff]
Nov 28 05:01:25 ip-172-31-0-100 kernel: ACPI: Early table checksum verification disabled
Nov 28 05:01:25 ip-172-31-0-100 kernel: ACPI: RSDP 0x00000000000EA020 000024 (v02 Xen   )
Nov 28 05:01:25 ip-172-31-0-100 kernel: ACPI: XSDT 0x00000000FC00E2A0 000054 (v01 Xen    HVM      00000000 HVML 00000000)
Nov 28 05:01:25 ip-172-31-0-100 kernel: ACPI: FACP 0x00000000FC00DF60 0000F4 (v04 Xen    HVM      00000000 HVML 00000000)
Nov 28 05:01:25 ip-172-31-0-100 kernel: ACPI: DSDT 0x00000000FC0021C0 00BD19 (v02 Xen    HVM      00000000 INTL 20090123)
Nov 28 05:01:25 ip-172-31-0-100 kernel: ACPI: FACS 0x00000000FC002180 000040
Nov 28 05:01:25 ip-172-31-0-100 kernel: ACPI: FACS 0x00000000FC002180 000040
Nov 28 05:01:25 ip-172-31-0-100 kernel: ACPI: APIC 0x00000000FC00E060 0000D8 (v02 Xen    HVM      00000000 HVML 00000000)
Nov 28 05:01:25 ip-172-31-0-100 kernel: ACPI: HPET 0x00000000FC00E1B0 000038 (v01 Xen    HVM      00000000 HVML 00000000)
Nov 28 05:01:25 ip-172-31-0-100 kernel: ACPI: WAET 0x00000000FC00E1F0 000028 (v01 Xen    HVM      00000000 HVML 00000000)
Nov 28 05:01:25 ip-172-31-0-100 kernel: ACPI: SSDT 0x00000000FC00E220 000031 (v02 Xen    HVM      00000000 INTL 20090123)
Nov 28 05:01:25 ip-172-31-0-100 kernel: ACPI: SSDT 0x00000000FC00E260 000033 (v02 Xen    HVM      00000000 INTL 20090123)
Nov 28 05:01:25 ip-172-31-0-100 kernel: ACPI: Reserving FACP table memory at [mem 0xfc00df60-0xfc00e053]
Nov 28 05:01:25 ip-172-31-0-100 kernel: ACPI: Reserving DSDT table memory at [mem 0xfc0021c0-0xfc00ded8]
Nov 28 05:01:25 ip-172-31-0-100 kernel: ACPI: Reserving FACS table memory at [mem 0xfc002180-0xfc0021bf]
Nov 28 05:01:25 ip-172-31-0-100 kernel: ACPI: Reserving FACS table memory at [mem 0xfc002180-0xfc0021bf]
Nov 28 05:01:25 ip-172-31-0-100 kernel: ACPI: Reserving APIC table memory at [mem 0xfc00e060-0xfc00e137]
Nov 28 05:01:25 ip-172-31-0-100 kernel: ACPI: Reserving HPET table memory at [mem 0xfc00e1b0-0xfc00e1e7]
Nov 28 05:01:25 ip-172-31-0-100 kernel: ACPI: Reserving WAET table memory at [mem 0xfc00e1f0-0xfc00e217]
Nov 28 05:01:25 ip-172-31-0-100 kernel: ACPI: Reserving SSDT table memory at [mem 0xfc00e220-0xfc00e250]
Nov 28 05:01:25 ip-172-31-0-100 kernel: ACPI: Reserving SSDT table memory at [mem 0xfc00e260-0xfc00e292]
Nov 28 05:01:25 ip-172-31-0-100 kernel: No NUMA configuration found
Nov 28 05:01:25 ip-172-31-0-100 kernel: Faking a node at [mem 0x0000000000000000-0x000000003fffffff]
Nov 28 05:01:25 ip-172-31-0-100 kernel: NODE_DATA(0) allocated [mem 0x3ffde000-0x3fffffff]
Nov 28 05:01:25 ip-172-31-0-100 kernel: Zone ranges:
Nov 28 05:01:25 ip-172-31-0-100 kernel:  DMA      [mem 0x0000000000001000-0x0000000000ffffff]
Nov 28 05:01:25 ip-172-31-0-100 kernel:  DMA32    [mem 0x0000000001000000-0x000000003fffffff]
Nov 28 05:01:25 ip-172-31-0-100 kernel:  Normal   empty
Nov 28 05:01:25 ip-172-31-0-100 kernel: Movable zone start for each node
Nov 28 05:01:25 ip-172-31-0-100 kernel: Early memory node ranges
Nov 28 05:01:25 ip-172-31-0-100 kernel:  node   0: [mem 0x0000000000001000-0x000000000009dfff]
Nov 28 05:01:25 ip-172-31-0-100 kernel:  node   0: [mem 0x0000000000100000-0x000000003fffffff]
Nov 28 05:01:25 ip-172-31-0-100 kernel: Initmem setup node 0 [mem 0x0000000000001000-0x000000003fffffff]
Nov 28 05:01:25 ip-172-31-0-100 kernel: ACPI: PM-Timer IO Port: 0xb008
Nov 28 05:01:25 ip-172-31-0-100 kernel: IOAPIC[0]: apic_id 1, version 17, address 0xfec00000, GSI 0-47
Nov 28 05:01:25 ip-172-31-0-100 kernel: ACPI: INT_SRC_OVR (bus 0 bus_irq 0 global_irq 2 dfl dfl)
Nov 28 05:01:25 ip-172-31-0-100 kernel: ACPI: INT_SRC_OVR (bus 0 bus_irq 5 global_irq 5 low level)
Nov 28 05:01:25 ip-172-31-0-100 kernel: ACPI: INT_SRC_OVR (bus 0 bus_irq 10 global_irq 10 low level)
Nov 28 05:01:25 ip-172-31-0-100 kernel: ACPI: INT_SRC_OVR (bus 0 bus_irq 11 global_irq 11 low level)
Nov 28 05:01:25 ip-172-31-0-100 kernel: Using ACPI (MADT) for SMP configuration information
Nov 28 05:01:25 ip-172-31-0-100 kernel: ACPI: HPET id: 0x8086a201 base: 0xfed00000
Nov 28 05:01:25 ip-172-31-0-100 kernel: TSC deadline timer available
Nov 28 05:01:25 ip-172-31-0-100 kernel: smpboot: Allowing 15 CPUs, 14 hotplug CPUs
Nov 28 05:01:25 ip-172-31-0-100 kernel: PM: Registered nosave memory: [mem 0x00000000-0x00000fff]
Nov 28 05:01:25 ip-172-31-0-100 kernel: PM: Registered nosave memory: [mem 0x0009e000-0x0009ffff]
Nov 28 05:01:25 ip-172-31-0-100 kernel: PM: Registered nosave memory: [mem 0x000a0000-0x000dffff]
Nov 28 05:01:25 ip-172-31-0-100 kernel: PM: Registered nosave memory: [mem 0x000e0000-0x000fffff]
Nov 28 05:01:25 ip-172-31-0-100 kernel: e820: [mem 0x40000000-0xfbffffff] available for PCI devices
Nov 28 05:01:25 ip-172-31-0-100 kernel: Booting paravirtualized kernel on Xen HVM
Nov 28 05:01:25 ip-172-31-0-100 kernel: clocksource: refined-jiffies: mask: 0xffffffff max_cycles: 0xffffffff, max_idle_ns: 7645519600211568 ns
Nov 28 05:01:25 ip-172-31-0-100 kernel: setup_percpu: NR_CPUS:8192 nr_cpumask_bits:15 nr_cpu_ids:15 nr_node_ids:1
Nov 28 05:01:25 ip-172-31-0-100 kernel: percpu: Embedded 49 pages/cpu s161688 r8192 d30824 u262144
Nov 28 05:01:25 ip-172-31-0-100 kernel: PV qspinlock hash table entries: 256 (order: 0, 4096 bytes)
Nov 28 05:01:25 ip-172-31-0-100 kernel: Fallback order for Node 0: 0 
Nov 28 05:01:25 ip-172-31-0-100 kernel: Built 1 zonelists, mobility grouping on.  Total pages: 257928
Nov 28 05:01:25 ip-172-31-0-100 kernel: Policy zone: DMA32
Nov 28 05:01:25 ip-172-31-0-100 kernel: Kernel command line: BOOT_IMAGE=/boot/vmlinuz-4.14.294-220.533.amzn2.x86_64 root=UUID=a3e0888b-d80b-4554-b1c7-d5a1a4ac1d52 ro console=tty0 console=ttyS0,115200n8 net.ifnames=0 biosdevname=0 nvme_core.io_timeout=4294967295 rd.emergency=poweroff rd.shell=0
Nov 28 05:01:25 ip-172-31-0-100 kernel: PID hash table entries: 4096 (order: 3, 32768 bytes)
Nov 28 05:01:25 ip-172-31-0-100 kernel: Memory: 990176K/1048180K available (10252K kernel code, 2143K rwdata, 3036K rodata, 2224K init, 4244K bss, 58004K reserved, 0K cma-reserved)
Nov 28 05:01:25 ip-172-31-0-100 kernel: SLUB: HWalign=64, Order=0-3, MinObjects=0, CPUs=15, Nodes=1
Nov 28 05:01:25 ip-172-31-0-100 kernel: Kernel/User page tables isolation: enabled
Nov 28 05:01:25 ip-172-31-0-100 kernel: ftrace: allocating 30161 entries in 118 pages
Nov 28 05:01:25 ip-172-31-0-100 kernel: Hierarchical RCU implementation.
Nov 28 05:01:25 ip-172-31-0-100 kernel: #011RCU restricting CPUs from NR_CPUS=8192 to nr_cpu_ids=15.
Nov 28 05:01:25 ip-172-31-0-100 kernel: RCU: Adjusting geometry for rcu_fanout_leaf=16, nr_cpu_ids=15
Nov 28 05:01:25 ip-172-31-0-100 kernel: NR_IRQS: 524544, nr_irqs: 952, preallocated irqs: 16
Nov 28 05:01:25 ip-172-31-0-100 kernel: xen:events: Using 2-level ABI
Nov 28 05:01:25 ip-172-31-0-100 kernel: xen:events: Xen HVM callback vector for event delivery is enabled
Nov 28 05:01:25 ip-172-31-0-100 kernel: random: crng init done
Nov 28 05:01:25 ip-172-31-0-100 kernel: Console: colour VGA+ 80x25
Nov 28 05:01:25 ip-172-31-0-100 kernel: console [tty0] enabled
Nov 28 05:01:25 ip-172-31-0-100 kernel: Cannot get hvm parameter CONSOLE_EVTCHN (18): -22!
Nov 28 05:01:25 ip-172-31-0-100 kernel: console [ttyS0] enabled
Nov 28 05:01:25 ip-172-31-0-100 kernel: clocksource: hpet: mask: 0xffffffff max_cycles: 0xffffffff, max_idle_ns: 30580167144 ns
Nov 28 05:01:25 ip-172-31-0-100 kernel: tsc: Fast TSC calibration using PIT
Nov 28 05:01:25 ip-172-31-0-100 kernel: tsc: Detected 2399.944 MHz processor
Nov 28 05:01:25 ip-172-31-0-100 kernel: Calibrating delay loop (skipped), value calculated using timer frequency.. 4800.09 BogoMIPS (lpj=9600184)
Nov 28 05:01:25 ip-172-31-0-100 kernel: pid_max: default: 32768 minimum: 301
Nov 28 05:01:25 ip-172-31-0-100 kernel: ACPI: Core revision 20170728
Nov 28 05:01:25 ip-172-31-0-100 kernel: ACPI: 3 ACPI AML tables successfully acquired and loaded
Nov 28 05:01:25 ip-172-31-0-100 kernel: Security Framework initialized
Nov 28 05:01:25 ip-172-31-0-100 kernel: Yama: becoming mindful.
Nov 28 05:01:25 ip-172-31-0-100 kernel: SELinux:  Initializing.
Nov 28 05:01:25 ip-172-31-0-100 kernel: Dentry cache hash table entries: 131072 (order: 8, 1048576 bytes)
Nov 28 05:01:25 ip-172-31-0-100 kernel: Inode-cache hash table entries: 65536 (order: 7, 524288 bytes)
Nov 28 05:01:25 ip-172-31-0-100 kernel: Mount-cache hash table entries: 2048 (order: 2, 16384 bytes)
Nov 28 05:01:25 ip-172-31-0-100 kernel: Mountpoint-cache hash table entries: 2048 (order: 2, 16384 bytes)
Nov 28 05:01:25 ip-172-31-0-100 kernel: Last level iTLB entries: 4KB 1024, 2MB 1024, 4MB 1024
Nov 28 05:01:25 ip-172-31-0-100 kernel: Last level dTLB entries: 4KB 1024, 2MB 1024, 4MB 1024, 1GB 4
Nov 28 05:01:25 ip-172-31-0-100 kernel: Spectre V1 : Mitigation: usercopy/swapgs barriers and __user pointer sanitization
Nov 28 05:01:25 ip-172-31-0-100 kernel: Spectre V2 : Mitigation: Retpolines
Nov 28 05:01:25 ip-172-31-0-100 kernel: Spectre V2 : Spectre v2 / SpectreRSB mitigation: Filling RSB on context switch
Nov 28 05:01:25 ip-172-31-0-100 kernel: Speculative Store Bypass: Vulnerable
Nov 28 05:01:25 ip-172-31-0-100 kernel: MDS: Vulnerable: Clear CPU buffers attempted, no microcode
Nov 28 05:01:25 ip-172-31-0-100 kernel: MMIO Stale Data: Vulnerable: Clear CPU buffers attempted, no microcode
Nov 28 05:01:25 ip-172-31-0-100 kernel: smpboot: Max logical packages: 15
Nov 28 05:01:25 ip-172-31-0-100 kernel: x2apic: IRQ remapping doesn't support X2APIC mode
Nov 28 05:01:25 ip-172-31-0-100 kernel: Switched APIC routing to physical flat.
Nov 28 05:01:25 ip-172-31-0-100 kernel: ..TIMER: vector=0x30 apic1=0 pin1=2 apic2=0 pin2=0
Nov 28 05:01:25 ip-172-31-0-100 kernel: clocksource: xen: mask: 0xffffffffffffffff max_cycles: 0x1cd42e4dffb, max_idle_ns: 881590591483 ns
Nov 28 05:01:25 ip-172-31-0-100 kernel: installing Xen timer for CPU 0
Nov 28 05:01:25 ip-172-31-0-100 kernel: smpboot: CPU0: Intel(R) Xeon(R) CPU E5-2676 v3 @ 2.40GHz (family: 0x6, model: 0x3f, stepping: 0x2)
Nov 28 05:01:25 ip-172-31-0-100 kernel: cpu 0 spinlock event irq 53
Nov 28 05:01:25 ip-172-31-0-100 kernel: Performance Events: unsupported p6 CPU model 63 no PMU driver, software events only.
Nov 28 05:01:25 ip-172-31-0-100 kernel: Hierarchical SRCU implementation.
Nov 28 05:01:25 ip-172-31-0-100 kernel: NMI watchdog: Perf event create on CPU 0 failed with -2
Nov 28 05:01:25 ip-172-31-0-100 kernel: NMI watchdog: Perf NMI watchdog permanently disabled
Nov 28 05:01:25 ip-172-31-0-100 kernel: smp: Bringing up secondary CPUs ...
Nov 28 05:01:25 ip-172-31-0-100 kernel: smp: Brought up 1 node, 1 CPU
Nov 28 05:01:25 ip-172-31-0-100 kernel: smpboot: Total of 1 processors activated (4800.09 BogoMIPS)
Nov 28 05:01:25 ip-172-31-0-100 kernel: devtmpfs: initialized
Nov 28 05:01:25 ip-172-31-0-100 kernel: x86/mm: Memory block size: 128MB
Nov 28 05:01:25 ip-172-31-0-100 kernel: clocksource: jiffies: mask: 0xffffffff max_cycles: 0xffffffff, max_idle_ns: 7645041785100000 ns
Nov 28 05:01:25 ip-172-31-0-100 kernel: futex hash table entries: 4096 (order: 6, 262144 bytes)
Nov 28 05:01:25 ip-172-31-0-100 kernel: NET: Registered protocol family 16
Nov 28 05:01:25 ip-172-31-0-100 kernel: cpuidle: using governor ladder
Nov 28 05:01:25 ip-172-31-0-100 kernel: cpuidle: using governor menu
Nov 28 05:01:25 ip-172-31-0-100 kernel: ACPI: bus type PCI registered
Nov 28 05:01:25 ip-172-31-0-100 kernel: acpiphp: ACPI Hot Plug PCI Controller Driver version: 0.5
Nov 28 05:01:25 ip-172-31-0-100 kernel: PCI: Using configuration type 1 for base access
Nov 28 05:01:25 ip-172-31-0-100 kernel: HugeTLB registered 2.00 MiB page size, pre-allocated 0 pages
Nov 28 05:01:25 ip-172-31-0-100 kernel: ACPI: Added _OSI(Module Device)
Nov 28 05:01:25 ip-172-31-0-100 kernel: ACPI: Added _OSI(Processor Device)
Nov 28 05:01:25 ip-172-31-0-100 kernel: ACPI: Added _OSI(3.0 _SCP Extensions)
Nov 28 05:01:25 ip-172-31-0-100 kernel: ACPI: Added _OSI(Processor Aggregator Device)
Nov 28 05:01:25 ip-172-31-0-100 kernel: ACPI: Interpreter enabled
Nov 28 05:01:25 ip-172-31-0-100 kernel: ACPI: (supports S0 S4 S5)
Nov 28 05:01:25 ip-172-31-0-100 kernel: ACPI: Using IOAPIC for interrupt routing
Nov 28 05:01:25 ip-172-31-0-100 kernel: PCI: Using host bridge windows from ACPI; if necessary, use "pci=nocrs" and report a bug
Nov 28 05:01:25 ip-172-31-0-100 kernel: ACPI: Enabled 2 GPEs in block 00 to 0F
Nov 28 05:01:25 ip-172-31-0-100 kernel: ACPI: PCI Root Bridge [PCI0] (domain 0000 [bus 00-ff])
Nov 28 05:01:25 ip-172-31-0-100 kernel: acpi PNP0A03:00: _OSC: OS supports [ASPM ClockPM Segments MSI]
Nov 28 05:01:25 ip-172-31-0-100 kernel: acpi PNP0A03:00: _OSC failed (AE_NOT_FOUND); disabling ASPM
Nov 28 05:01:25 ip-172-31-0-100 kernel: acpi PNP0A03:00: fail to add MMCONFIG information, can't access extended PCI configuration space under this bridge.
Nov 28 05:01:25 ip-172-31-0-100 kernel: acpiphp: Slot [0] registered
Nov 28 05:01:25 ip-172-31-0-100 kernel: acpiphp: Slot [3] registered
Nov 28 05:01:25 ip-172-31-0-100 kernel: acpiphp: Slot [4] registered
Nov 28 05:01:25 ip-172-31-0-100 kernel: acpiphp: Slot [5] registered
Nov 28 05:01:25 ip-172-31-0-100 kernel: acpiphp: Slot [6] registered
Nov 28 05:01:25 ip-172-31-0-100 kernel: acpiphp: Slot [7] registered
Nov 28 05:01:25 ip-172-31-0-100 kernel: acpiphp: Slot [8] registered
Nov 28 05:01:25 ip-172-31-0-100 kernel: acpiphp: Slot [9] registered
Nov 28 05:01:25 ip-172-31-0-100 kernel: acpiphp: Slot [10] registered
Nov 28 05:01:25 ip-172-31-0-100 kernel: acpiphp: Slot [11] registered
Nov 28 05:01:25 ip-172-31-0-100 kernel: acpiphp: Slot [12] registered
Nov 28 05:01:25 ip-172-31-0-100 kernel: acpiphp: Slot [13] registered
Nov 28 05:01:25 ip-172-31-0-100 kernel: acpiphp: Slot [14] registered
Nov 28 05:01:25 ip-172-31-0-100 kernel: acpiphp: Slot [15] registered
Nov 28 05:01:25 ip-172-31-0-100 kernel: acpiphp: Slot [16] registered
Nov 28 05:01:25 ip-172-31-0-100 kernel: acpiphp: Slot [17] registered
Nov 28 05:01:25 ip-172-31-0-100 kernel: acpiphp: Slot [18] registered
Nov 28 05:01:25 ip-172-31-0-100 kernel: acpiphp: Slot [19] registered
Nov 28 05:01:25 ip-172-31-0-100 kernel: acpiphp: Slot [20] registered
Nov 28 05:01:25 ip-172-31-0-100 kernel: acpiphp: Slot [21] registered
Nov 28 05:01:25 ip-172-31-0-100 kernel: acpiphp: Slot [22] registered
Nov 28 05:01:25 ip-172-31-0-100 kernel: acpiphp: Slot [23] registered
Nov 28 05:01:25 ip-172-31-0-100 kernel: acpiphp: Slot [24] registered
Nov 28 05:01:25 ip-172-31-0-100 kernel: acpiphp: Slot [25] registered
Nov 28 05:01:25 ip-172-31-0-100 kernel: acpiphp: Slot [26] registered
Nov 28 05:01:25 ip-172-31-0-100 kernel: acpiphp: Slot [27] registered
Nov 28 05:01:25 ip-172-31-0-100 kernel: acpiphp: Slot [28] registered
Nov 28 05:01:25 ip-172-31-0-100 kernel: acpiphp: Slot [29] registered
Nov 28 05:01:25 ip-172-31-0-100 kernel: acpiphp: Slot [30] registered
Nov 28 05:01:25 ip-172-31-0-100 kernel: acpiphp: Slot [31] registered
Nov 28 05:01:25 ip-172-31-0-100 kernel: PCI host bridge to bus 0000:00
Nov 28 05:01:25 ip-172-31-0-100 kernel: pci_bus 0000:00: root bus resource [io  0x0000-0x0cf7 window]
Nov 28 05:01:25 ip-172-31-0-100 kernel: pci_bus 0000:00: root bus resource [io  0x0d00-0xffff window]
Nov 28 05:01:25 ip-172-31-0-100 kernel: pci_bus 0000:00: root bus resource [mem 0x000a0000-0x000bffff window]
Nov 28 05:01:25 ip-172-31-0-100 kernel: pci_bus 0000:00: root bus resource [mem 0xf0000000-0xfbffffff window]
Nov 28 05:01:25 ip-172-31-0-100 kernel: pci_bus 0000:00: root bus resource [bus 00-ff]
Nov 28 05:01:25 ip-172-31-0-100 kernel: pci 0000:00:01.1: legacy IDE quirk: reg 0x10: [io  0x01f0-0x01f7]
Nov 28 05:01:25 ip-172-31-0-100 kernel: pci 0000:00:01.1: legacy IDE quirk: reg 0x14: [io  0x03f6]
Nov 28 05:01:25 ip-172-31-0-100 kernel: pci 0000:00:01.1: legacy IDE quirk: reg 0x18: [io  0x0170-0x0177]
Nov 28 05:01:25 ip-172-31-0-100 kernel: pci 0000:00:01.1: legacy IDE quirk: reg 0x1c: [io  0x0376]
Nov 28 05:01:25 ip-172-31-0-100 kernel: * Found PM-Timer Bug on the chipset. Due to workarounds for a bug,#012* this clock source is slow. Consider trying other clock sources
Nov 28 05:01:25 ip-172-31-0-100 kernel: pci 0000:00:01.3: quirk: [io  0xb000-0xb03f] claimed by PIIX4 ACPI
Nov 28 05:01:25 ip-172-31-0-100 kernel: ACPI: PCI Interrupt Link [LNKA] (IRQs *5 10 11)
Nov 28 05:01:25 ip-172-31-0-100 kernel: ACPI: PCI Interrupt Link [LNKB] (IRQs 5 *10 11)
Nov 28 05:01:25 ip-172-31-0-100 kernel: ACPI: PCI Interrupt Link [LNKC] (IRQs 5 10 *11)
Nov 28 05:01:25 ip-172-31-0-100 kernel: ACPI: PCI Interrupt Link [LNKD] (IRQs *5 10 11)
Nov 28 05:01:25 ip-172-31-0-100 kernel: xen:balloon: Initialising balloon driver
Nov 28 05:01:25 ip-172-31-0-100 kernel: pci 0000:00:02.0: vgaarb: setting as boot VGA device
Nov 28 05:01:25 ip-172-31-0-100 kernel: pci 0000:00:02.0: vgaarb: VGA device added: decodes=io+mem,owns=io+mem,locks=none
Nov 28 05:01:25 ip-172-31-0-100 kernel: pci 0000:00:02.0: vgaarb: bridge control possible
Nov 28 05:01:25 ip-172-31-0-100 kernel: vgaarb: loaded
Nov 28 05:01:25 ip-172-31-0-100 kernel: EDAC MC: Ver: 3.0.0
Nov 28 05:01:25 ip-172-31-0-100 kernel: PCI: Using ACPI for IRQ routing
Nov 28 05:01:25 ip-172-31-0-100 kernel: NetLabel: Initializing
Nov 28 05:01:25 ip-172-31-0-100 kernel: NetLabel:  domain hash size = 128
Nov 28 05:01:25 ip-172-31-0-100 kernel: NetLabel:  protocols = UNLABELED CIPSOv4 CALIPSO
Nov 28 05:01:25 ip-172-31-0-100 kernel: NetLabel:  unlabeled traffic allowed by default
Nov 28 05:01:25 ip-172-31-0-100 kernel: HPET: 3 timers in total, 0 timers will be used for per-cpu timer
Nov 28 05:01:25 ip-172-31-0-100 kernel: hpet0: at MMIO 0xfed00000, IRQs 2, 8, 0
Nov 28 05:01:25 ip-172-31-0-100 kernel: hpet0: 3 comparators, 64-bit 62.500000 MHz counter
Nov 28 05:01:25 ip-172-31-0-100 kernel: clocksource: Switched to clocksource xen
Nov 28 05:01:25 ip-172-31-0-100 kernel: VFS: Disk quotas dquot_6.6.0
Nov 28 05:01:25 ip-172-31-0-100 kernel: VFS: Dquot-cache hash table entries: 512 (order 0, 4096 bytes)
Nov 28 05:01:25 ip-172-31-0-100 kernel: pnp: PnP ACPI init
Nov 28 05:01:25 ip-172-31-0-100 kernel: system 00:00: [mem 0x00000000-0x0009ffff] could not be reserved
Nov 28 05:01:25 ip-172-31-0-100 kernel: system 00:01: [io  0x08a0-0x08a3] has been reserved
Nov 28 05:01:25 ip-172-31-0-100 kernel: system 00:01: [io  0x0cc0-0x0ccf] has been reserved
Nov 28 05:01:25 ip-172-31-0-100 kernel: system 00:01: [io  0x04d0-0x04d1] has been reserved
Nov 28 05:01:25 ip-172-31-0-100 kernel: system 00:07: [io  0x10c0-0x1141] has been reserved
Nov 28 05:01:25 ip-172-31-0-100 kernel: system 00:07: [io  0xb044-0xb047] has been reserved
Nov 28 05:01:25 ip-172-31-0-100 kernel: pnp: PnP ACPI: found 8 devices
Nov 28 05:01:25 ip-172-31-0-100 kernel: clocksource: acpi_pm: mask: 0xffffff max_cycles: 0xffffff, max_idle_ns: 2085701024 ns
Nov 28 05:01:25 ip-172-31-0-100 kernel: NET: Registered protocol family 2
Nov 28 05:01:25 ip-172-31-0-100 kernel: IP idents hash table entries: 16384 (order: 5, 131072 bytes)
Nov 28 05:01:25 ip-172-31-0-100 kernel: TCP established hash table entries: 8192 (order: 4, 65536 bytes)
Nov 28 05:01:25 ip-172-31-0-100 kernel: TCP bind hash table entries: 8192 (order: 5, 131072 bytes)
Nov 28 05:01:25 ip-172-31-0-100 kernel: TCP: Hash tables configured (established 8192 bind 8192)
Nov 28 05:01:25 ip-172-31-0-100 kernel: UDP hash table entries: 512 (order: 2, 16384 bytes)
Nov 28 05:01:25 ip-172-31-0-100 kernel: UDP-Lite hash table entries: 512 (order: 2, 16384 bytes)
Nov 28 05:01:25 ip-172-31-0-100 kernel: NET: Registered protocol family 1
Nov 28 05:01:25 ip-172-31-0-100 kernel: pci 0000:00:00.0: Limiting direct PCI/PCI transfers
Nov 28 05:01:25 ip-172-31-0-100 kernel: pci 0000:00:01.0: PIIX3: Enabling Passive Release
Nov 28 05:01:25 ip-172-31-0-100 kernel: pci 0000:00:01.0: Activating ISA DMA hang workarounds
Nov 28 05:01:25 ip-172-31-0-100 kernel: pci 0000:00:02.0: Video device with shadowed ROM at [mem 0x000c0000-0x000dffff]
Nov 28 05:01:25 ip-172-31-0-100 kernel: Unpacking initramfs...
Nov 28 05:01:25 ip-172-31-0-100 kernel: Freeing initrd memory: 10360K
Nov 28 05:01:25 ip-172-31-0-100 kernel: Scanning for low memory corruption every 60 seconds
Nov 28 05:01:25 ip-172-31-0-100 kernel: audit: initializing netlink subsys (disabled)
Nov 28 05:01:25 ip-172-31-0-100 kernel: Initialise system trusted keyrings
Nov 28 05:01:25 ip-172-31-0-100 kernel: Key type blacklist registered
Nov 28 05:01:25 ip-172-31-0-100 kernel: audit: type=2000 audit(1669611684.530:1): state=initialized audit_enabled=0 res=1
Nov 28 05:01:25 ip-172-31-0-100 kernel: workingset: timestamp_bits=36 max_order=18 bucket_order=0
Nov 28 05:01:25 ip-172-31-0-100 kernel: zbud: loaded
Nov 28 05:01:25 ip-172-31-0-100 kernel: SGI XFS with ACLs, security attributes, no debug enabled
Nov 28 05:01:25 ip-172-31-0-100 kernel: Key type asymmetric registered
Nov 28 05:01:25 ip-172-31-0-100 kernel: Asymmetric key parser 'x509' registered
Nov 28 05:01:25 ip-172-31-0-100 kernel: Block layer SCSI generic (bsg) driver version 0.4 loaded (major 251)
Nov 28 05:01:25 ip-172-31-0-100 kernel: io scheduler noop registered (default)
Nov 28 05:01:25 ip-172-31-0-100 kernel: io scheduler cfq registered
Nov 28 05:01:25 ip-172-31-0-100 kernel: crc32: CRC_LE_BITS = 64, CRC_BE BITS = 64
Nov 28 05:01:25 ip-172-31-0-100 kernel: crc32: self tests passed, processed 225944 bytes in 161525 nsec
Nov 28 05:01:25 ip-172-31-0-100 kernel: crc32c: CRC_LE_BITS = 64
Nov 28 05:01:25 ip-172-31-0-100 kernel: crc32c: self tests passed, processed 225944 bytes in 80823 nsec
Nov 28 05:01:25 ip-172-31-0-100 kernel: crc32_combine: 8373 self tests passed
Nov 28 05:01:25 ip-172-31-0-100 kernel: crc32c_combine: 8373 self tests passed
Nov 28 05:01:25 ip-172-31-0-100 kernel: xen:grant_table: Grant tables using version 1 layout
Nov 28 05:01:25 ip-172-31-0-100 kernel: Grant table initialized
Nov 28 05:01:25 ip-172-31-0-100 kernel: Cannot get hvm parameter CONSOLE_EVTCHN (18): -22!
Nov 28 05:01:25 ip-172-31-0-100 kernel: Serial: 8250/16550 driver, 4 ports, IRQ sharing disabled
Nov 28 05:01:25 ip-172-31-0-100 kernel: 00:06: ttyS0 at I/O 0x3f8 (irq = 4, base_baud = 115200) is a 16550A
Nov 28 05:01:25 ip-172-31-0-100 kernel: xen_netfront: Initialising Xen virtual ethernet driver
Nov 28 05:01:25 ip-172-31-0-100 kernel: i8042: PNP: PS/2 Controller [PNP0303:PS2K,PNP0f13:PS2M] at 0x60,0x64 irq 1,12
Nov 28 05:01:25 ip-172-31-0-100 kernel: serio: i8042 KBD port at 0x60,0x64 irq 1
Nov 28 05:01:25 ip-172-31-0-100 kernel: serio: i8042 AUX port at 0x60,0x64 irq 12
Nov 28 05:01:25 ip-172-31-0-100 kernel: input: AT Translated Set 2 keyboard as /devices/platform/i8042/serio0/input/input0
Nov 28 05:01:25 ip-172-31-0-100 kernel: rtc_cmos 00:02: rtc core: registered rtc_cmos as rtc0
Nov 28 05:01:25 ip-172-31-0-100 kernel: rtc_cmos 00:02: alarms up to one day, 114 bytes nvram, hpet irqs
Nov 28 05:01:25 ip-172-31-0-100 kernel: hidraw: raw HID events driver (C) Jiri Kosina
Nov 28 05:01:25 ip-172-31-0-100 kernel: ip_tables: (C) 2000-2006 Netfilter Core Team
Nov 28 05:01:25 ip-172-31-0-100 kernel: NET: Registered protocol family 10
Nov 28 05:01:25 ip-172-31-0-100 kernel: Segment Routing with IPv6
Nov 28 05:01:25 ip-172-31-0-100 kernel: ip6_tables: (C) 2000-2006 Netfilter Core Team
Nov 28 05:01:25 ip-172-31-0-100 kernel: NET: Registered protocol family 17
Nov 28 05:01:25 ip-172-31-0-100 kernel: mce: Using 2 MCE banks
Nov 28 05:01:25 ip-172-31-0-100 kernel: sched_clock: Marking stable (1341045634, 0)->(2423597393, -1082551759)
Nov 28 05:01:25 ip-172-31-0-100 kernel: registered taskstats version 1
Nov 28 05:01:25 ip-172-31-0-100 kernel: Loading compiled-in X.509 certificates
Nov 28 05:01:25 ip-172-31-0-100 kernel: Loaded X.509 cert 'Build time autogenerated kernel key: 7155180d6ac95229384f50c40e6937a5c0327ed6'
Nov 28 05:01:25 ip-172-31-0-100 kernel: zswap: loaded using pool lzo/zbud
Nov 28 05:01:25 ip-172-31-0-100 kernel: ima: No TPM chip found, activating TPM-bypass! (rc=-19)
Nov 28 05:01:25 ip-172-31-0-100 kernel: ima: Allocated hash algorithm: sha1
Nov 28 05:01:25 ip-172-31-0-100 kernel: xenbus_probe_frontend: Device with no driver: device/vbd/51712
Nov 28 05:01:25 ip-172-31-0-100 kernel: rtc_cmos 00:02: setting system clock to 2022-11-28 05:01:25 UTC (1669611685)
Nov 28 05:01:25 ip-172-31-0-100 kernel: Freeing unused kernel memory: 2224K
Nov 28 05:01:25 ip-172-31-0-100 kernel: Write protecting the kernel read-only data: 16384k
Nov 28 05:01:25 ip-172-31-0-100 kernel: Freeing unused kernel memory: 2016K
Nov 28 05:01:25 ip-172-31-0-100 kernel: Freeing unused kernel memory: 1060K
Nov 28 05:01:25 ip-172-31-0-100 systemd[1]: Inserted module 'autofs4'
Nov 28 05:01:25 ip-172-31-0-100 systemd[1]: systemd 219 running in system mode. (+PAM +AUDIT +SELINUX +IMA -APPARMOR +SMACK +SYSVINIT +UTMP +LIBCRYPTSETUP +GCRYPT +GNUTLS +ACL +XZ +LZ4 -SECCOMP +BLKID +ELFUTILS +KMOD +IDN)
Nov 28 05:01:25 ip-172-31-0-100 systemd[1]: Detected virtualization xen.
Nov 28 05:01:25 ip-172-31-0-100 systemd[1]: Detected architecture x86-64.
Nov 28 05:01:25 ip-172-31-0-100 systemd[1]: Running in initial RAM disk.
Nov 28 05:01:25 ip-172-31-0-100 systemd[1]: No hostname configured.
Nov 28 05:01:25 ip-172-31-0-100 systemd[1]: Set hostname to <localhost>.
Nov 28 05:01:25 ip-172-31-0-100 systemd[1]: Initializing machine ID from random generator.
Nov 28 05:01:25 ip-172-31-0-100 systemd[1]: Reached target Local File Systems.
Nov 28 05:01:25 ip-172-31-0-100 systemd[1]: Started Dispatch Password Requests to Console Directory Watch.
Nov 28 05:01:25 ip-172-31-0-100 systemd[1]: Reached target Paths.
Nov 28 05:01:25 ip-172-31-0-100 journal: Journal started
Nov 28 05:01:25 ip-172-31-0-100 systemd: Started Create list of required static device nodes for the current kernel.
Nov 28 05:01:25 ip-172-31-0-100 systemd: Started Apply Kernel Variables.
Nov 28 05:01:25 ip-172-31-0-100 systemd: Starting Create Static Device Nodes in /dev...
Nov 28 05:01:25 ip-172-31-0-100 systemd: Started Create Static Device Nodes in /dev.
Nov 28 05:01:25 ip-172-31-0-100 systemd: Starting udev Kernel Device Manager...
Nov 28 05:01:25 ip-172-31-0-100 systemd-udevd: starting version 219
Nov 28 05:01:25 ip-172-31-0-100 systemd-udevd: Network interface NamePolicy= disabled on kernel command line, ignoring.
Nov 28 05:01:25 ip-172-31-0-100 systemd: Started udev Kernel Device Manager.
Nov 28 05:01:25 ip-172-31-0-100 systemd: Starting dracut pre-trigger hook...
Nov 28 05:01:25 ip-172-31-0-100 systemd: Started dracut pre-trigger hook.
Nov 28 05:01:25 ip-172-31-0-100 systemd: Starting udev Coldplug all Devices...
Nov 28 05:01:25 ip-172-31-0-100 systemd-udevd: Network interface NamePolicy= disabled on kernel command line, ignoring.
Nov 28 05:01:25 ip-172-31-0-100 systemd: Started udev Coldplug all Devices.
Nov 28 05:01:25 ip-172-31-0-100 systemd: Starting dracut initqueue hook...
Nov 28 05:01:25 ip-172-31-0-100 systemd: Reached target System Initialization.
Nov 28 05:01:25 ip-172-31-0-100 systemd: Reached target Basic System.
Nov 28 05:01:25 ip-172-31-0-100 kernel: SCSI subsystem initialized
Nov 28 05:01:25 ip-172-31-0-100 kernel: tsc: Refined TSC clocksource calibration: 2400.000 MHz
Nov 28 05:01:25 ip-172-31-0-100 kernel: clocksource: tsc: mask: 0xffffffffffffffff max_cycles: 0x22983777dd9, max_idle_ns: 440795300422 ns
Nov 28 05:01:25 ip-172-31-0-100 kernel: Invalid max_queues (4), will use default max: 1.
Nov 28 05:01:25 ip-172-31-0-100 kernel: scsi host0: ata_piix
Nov 28 05:01:26 ip-172-31-0-100 kernel: scsi host1: ata_piix
Nov 28 05:01:26 ip-172-31-0-100 kernel: ata1: PATA max MWDMA2 cmd 0x1f0 ctl 0x3f6 bmdma 0xc100 irq 14
Nov 28 05:01:26 ip-172-31-0-100 kernel: ata2: PATA max MWDMA2 cmd 0x170 ctl 0x376 bmdma 0xc108 irq 15
Nov 28 05:01:26 ip-172-31-0-100 kernel: blkfront: xvda: barrier or flush: disabled; persistent grants: disabled; indirect descriptors: enabled; bounce buffer: disabled;
Nov 28 05:01:26 ip-172-31-0-100 kernel: xvda: xvda1
Nov 28 05:01:26 ip-172-31-0-100 systemd: Found device /dev/disk/by-uuid/a3e0888b-d80b-4554-b1c7-d5a1a4ac1d52.
Nov 28 05:01:26 ip-172-31-0-100 systemd: Starting File System Check on /dev/disk/by-uuid/a3e0888b-d80b-4554-b1c7-d5a1a4ac1d52...
Nov 28 05:01:26 ip-172-31-0-100 systemd-fsck: fsck.xfs doesn't exist, not checking file system on /dev/disk/by-uuid/a3e0888b-d80b-4554-b1c7-d5a1a4ac1d52
Nov 28 05:01:26 ip-172-31-0-100 systemd: Started dracut initqueue hook.
Nov 28 05:01:26 ip-172-31-0-100 systemd: Started File System Check on /dev/disk/by-uuid/a3e0888b-d80b-4554-b1c7-d5a1a4ac1d52.
Nov 28 05:01:26 ip-172-31-0-100 systemd: Reached target Remote File Systems (Pre).
Nov 28 05:01:26 ip-172-31-0-100 systemd: Reached target Remote File Systems.
Nov 28 05:01:26 ip-172-31-0-100 systemd: Mounting /sysroot...
Nov 28 05:01:26 ip-172-31-0-100 kernel: XFS (xvda1): Mounting V5 Filesystem
Nov 28 05:01:26 ip-172-31-0-100 systemd: Mounted /sysroot.
Nov 28 05:01:26 ip-172-31-0-100 kernel: XFS (xvda1): Ending clean mount
Nov 28 05:01:26 ip-172-31-0-100 systemd: Reached target Initrd Root File System.
Nov 28 05:01:26 ip-172-31-0-100 systemd: Starting Reload Configuration from the Real Root...
Nov 28 05:01:26 ip-172-31-0-100 systemd: Reloading.
Nov 28 05:01:26 ip-172-31-0-100 systemd: Started Reload Configuration from the Real Root.
Nov 28 05:01:26 ip-172-31-0-100 systemd: Reached target Initrd File Systems.
Nov 28 05:01:26 ip-172-31-0-100 systemd: Reached target Initrd Default Target.
Nov 28 05:01:26 ip-172-31-0-100 systemd: Starting dracut pre-pivot and cleanup hook...
Nov 28 05:01:26 ip-172-31-0-100 systemd: Started dracut pre-pivot and cleanup hook.
Nov 28 05:01:26 ip-172-31-0-100 systemd: Starting Cleaning Up and Shutting Down Daemons...
Nov 28 05:01:26 ip-172-31-0-100 systemd: Started Cleaning Up and Shutting Down Daemons.
Nov 28 05:01:26 ip-172-31-0-100 systemd: Stopped dracut pre-pivot and cleanup hook.
Nov 28 05:01:26 ip-172-31-0-100 systemd: Stopped target Remote File Systems.
Nov 28 05:01:26 ip-172-31-0-100 systemd: Stopped target Remote File Systems (Pre).
Nov 28 05:01:26 ip-172-31-0-100 systemd: Stopped dracut initqueue hook.
Nov 28 05:01:26 ip-172-31-0-100 systemd: Stopped target Initrd Default Target.
Nov 28 05:01:26 ip-172-31-0-100 systemd: Stopped target Basic System.
Nov 28 05:01:26 ip-172-31-0-100 systemd: Stopped target System Initialization.
Nov 28 05:01:26 ip-172-31-0-100 systemd: Stopped target Local File Systems.
Nov 28 05:01:26 ip-172-31-0-100 systemd: Stopped Apply Kernel Variables.
Nov 28 05:01:26 ip-172-31-0-100 systemd: Stopped udev Coldplug all Devices.
Nov 28 05:01:26 ip-172-31-0-100 systemd: Stopped dracut pre-trigger hook.
Nov 28 05:01:26 ip-172-31-0-100 systemd: Stopped target Slices.
Nov 28 05:01:26 ip-172-31-0-100 systemd: Stopped target Swap.
Nov 28 05:01:26 ip-172-31-0-100 systemd: Stopped target Paths.
Nov 28 05:01:26 ip-172-31-0-100 systemd: Stopped Dispatch Password Requests to Console Directory Watch.
Nov 28 05:01:26 ip-172-31-0-100 systemd: Stopped target Sockets.
Nov 28 05:01:26 ip-172-31-0-100 systemd: Stopped target Timers.
Nov 28 05:01:26 ip-172-31-0-100 systemd: Stopping udev Kernel Device Manager...
Nov 28 05:01:26 ip-172-31-0-100 systemd: Stopped udev Kernel Device Manager.
Nov 28 05:01:26 ip-172-31-0-100 systemd: Stopped Create Static Device Nodes in /dev.
Nov 28 05:01:26 ip-172-31-0-100 systemd: Stopped Create list of required static device nodes for the current kernel.
Nov 28 05:01:26 ip-172-31-0-100 systemd: Closed udev Kernel Socket.
Nov 28 05:01:26 ip-172-31-0-100 systemd: Closed udev Control Socket.
Nov 28 05:01:26 ip-172-31-0-100 systemd: Starting Cleanup udevd DB...
Nov 28 05:01:26 ip-172-31-0-100 systemd: Started Cleanup udevd DB.
Nov 28 05:01:26 ip-172-31-0-100 systemd: Reached target Switch Root.
Nov 28 05:01:26 ip-172-31-0-100 systemd: Starting Switch Root...
Nov 28 05:01:26 ip-172-31-0-100 systemd: Switching root.
Nov 28 05:01:26 ip-172-31-0-100 journal: Journal stopped
Nov 28 05:01:28 ip-172-31-0-100 journal: Runtime journal is using 6.1M (max allowed 49.1M, trying to leave 73.6M free of 478.8M available â†’ current limit 49.1M).
Nov 28 05:01:28 ip-172-31-0-100 systemd-journald[973]: Received SIGTERM from PID 1 (systemd).
Nov 28 05:01:28 ip-172-31-0-100 kernel: systemd: 13 output lines suppressed due to ratelimiting
Nov 28 05:01:28 ip-172-31-0-100 kernel: SELinux:  Disabled at runtime.
Nov 28 05:01:28 ip-172-31-0-100 kernel: audit: type=1404 audit(1669611687.316:2): selinux=0 auid=4294967295 ses=4294967295
Nov 28 05:01:28 ip-172-31-0-100 journal: Journal started
Nov 28 05:01:28 ip-172-31-0-100 systemd: systemd 219 running in system mode. (+PAM +AUDIT +SELINUX +IMA -APPARMOR +SMACK +SYSVINIT +UTMP +LIBCRYPTSETUP +GCRYPT +GNUTLS +ACL +XZ +LZ4 -SECCOMP +BLKID +ELFUTILS +KMOD +IDN)
Nov 28 05:01:28 ip-172-31-0-100 systemd: Detected virtualization xen.
Nov 28 05:01:28 ip-172-31-0-100 systemd: Detected architecture x86-64.
Nov 28 05:01:28 ip-172-31-0-100 systemd: Set hostname to <ip-172-31-4-96.ec2.internal>.
Nov 28 05:01:28 ip-172-31-0-100 systemd: Cannot add dependency job for unit display-manager.service, ignoring: Unit not found.
Nov 28 05:01:28 ip-172-31-0-100 systemd: Started Setup Virtual Console.
Nov 28 05:01:28 ip-172-31-0-100 systemd: Started Remount Root and Kernel File Systems.
Nov 28 05:01:28 ip-172-31-0-100 systemd: Started Create list of required static device nodes for the current kernel.
Nov 28 05:01:28 ip-172-31-0-100 systemd: Starting Create Static Device Nodes in /dev...
Nov 28 05:01:28 ip-172-31-0-100 systemd: Starting Relabel kernel modules early in the boot, if needed...
Nov 28 05:01:28 ip-172-31-0-100 systemd: Starting udev Coldplug all Devices...
Nov 28 05:01:28 ip-172-31-0-100 systemd: Starting Configure read-only root support...
Nov 28 05:01:28 ip-172-31-0-100 systemd: Starting Flush Journal to Persistent Storage...
Nov 28 05:01:28 ip-172-31-0-100 systemd: Started Read and set NIS domainname from /etc/sysconfig/network.
Nov 28 05:01:28 ip-172-31-0-100 systemd: Started Relabel kernel modules early in the boot, if needed.
Nov 28 05:01:28 ip-172-31-0-100 systemd: Starting Load Kernel Modules...
Nov 28 05:01:28 ip-172-31-0-100 systemd: Started LVM2 metadata daemon.
Nov 28 05:01:28 ip-172-31-0-100 systemd: Started udev Coldplug all Devices.
Nov 28 05:01:28 ip-172-31-0-100 systemd-modules-load: Inserted module 'ena'
Nov 28 05:01:28 ip-172-31-0-100 systemd: Started Create Static Device Nodes in /dev.
Nov 28 05:01:28 ip-172-31-0-100 systemd: Started Configure read-only root support.
Nov 28 05:01:28 ip-172-31-0-100 systemd: Started Load Kernel Modules.
Nov 28 05:01:28 ip-172-31-0-100 systemd: Starting Apply Kernel Variables...
Nov 28 05:01:28 ip-172-31-0-100 systemd: Starting Load/Save Random Seed...
Nov 28 05:01:28 ip-172-31-0-100 systemd: Starting udev Kernel Device Manager...
Nov 28 05:01:28 ip-172-31-0-100 systemd: Starting udev Wait for Complete Device Initialization...
Nov 28 05:01:28 ip-172-31-0-100 systemd: Started Flush Journal to Persistent Storage.
Nov 28 05:01:28 ip-172-31-0-100 systemd: Started Load/Save Random Seed.
Nov 28 05:01:28 ip-172-31-0-100 systemd-udevd: starting version 219
Nov 28 05:01:28 ip-172-31-0-100 systemd-udevd: Network interface NamePolicy= disabled on kernel command line, ignoring.
Nov 28 05:01:28 ip-172-31-0-100 systemd: Started Apply Kernel Variables.
Nov 28 05:01:28 ip-172-31-0-100 systemd: Started udev Kernel Device Manager.
Nov 28 05:01:28 ip-172-31-0-100 systemd: Starting Show Plymouth Boot Screen...
Nov 28 05:01:28 ip-172-31-0-100 kernel: input: Power Button as /devices/LNXSYSTM:00/LNXPWRBN:00/input/input3
Nov 28 05:01:28 ip-172-31-0-100 kernel: ACPI: Power Button [PWRF]
Nov 28 05:01:28 ip-172-31-0-100 kernel: input: Sleep Button as /devices/LNXSYSTM:00/LNXSLPBN:00/input/input4
Nov 28 05:01:28 ip-172-31-0-100 kernel: ACPI: Sleep Button [SLPF]
Nov 28 05:01:28 ip-172-31-0-100 systemd: Found device /dev/ttyS0.
Nov 28 05:01:28 ip-172-31-0-100 systemd: Received SIGRTMIN+20 from PID 2330 (plymouthd).
Nov 28 05:01:28 ip-172-31-0-100 systemd: Started Show Plymouth Boot Screen.
Nov 28 05:01:28 ip-172-31-0-100 systemd: Started Forward Password Requests to Plymouth Directory Watch.
Nov 28 05:01:28 ip-172-31-0-100 kernel: input: ImExPS/2 Generic Explorer Mouse as /devices/platform/i8042/serio1/input/input5
Nov 28 05:01:28 ip-172-31-0-100 kernel: mousedev: PS/2 mouse device common for all mice
Nov 28 05:01:28 ip-172-31-0-100 kernel: AVX2 version of gcm_enc/dec engaged.
Nov 28 05:01:28 ip-172-31-0-100 kernel: AES CTR mode by8 optimization enabled
Nov 28 05:01:28 ip-172-31-0-100 kernel: alg: No test for pcbc(aes) (pcbc-aes-aesni)
Nov 28 05:01:28 ip-172-31-0-100 systemd: Started Monitoring of LVM2 mirrors, snapshots etc. using dmeventd or progress polling.
Nov 28 05:01:28 ip-172-31-0-100 kernel: EDAC sbridge:  Ver: 1.1.2 
Nov 28 05:01:28 ip-172-31-0-100 systemd: Created slice system-ec2net\x2difup.slice.
Nov 28 05:01:28 ip-172-31-0-100 systemd: Starting Relabel kernel modules early in the boot, if needed...
Nov 28 05:01:28 ip-172-31-0-100 systemd: Found device /sys/subsystem/net/devices/eth0.
Nov 28 05:01:28 ip-172-31-0-100 systemd: Started Relabel kernel modules early in the boot, if needed.
Nov 28 05:01:28 ip-172-31-0-100 systemd: Reached target Local File Systems (Pre).
Nov 28 05:01:28 ip-172-31-0-100 systemd: Started udev Wait for Complete Device Initialization.
Nov 28 05:01:28 ip-172-31-0-100 systemd: Starting Activation of DM RAID sets...
Nov 28 05:01:28 ip-172-31-0-100 kernel: device-mapper: uevent: version 1.0.3
Nov 28 05:01:28 ip-172-31-0-100 kernel: device-mapper: ioctl: 4.37.0-ioctl (2017-09-20) initialised: dm-devel@redhat.com
Nov 28 05:01:28 ip-172-31-0-100 systemd: Started Activation of DM RAID sets.
Nov 28 05:01:28 ip-172-31-0-100 systemd: Reached target Local Encrypted Volumes.
Nov 28 05:01:28 ip-172-31-0-100 systemd: Reached target Local File Systems.
Nov 28 05:01:28 ip-172-31-0-100 systemd: Starting Tell Plymouth To Write Out Runtime Data...
Nov 28 05:01:28 ip-172-31-0-100 systemd: Starting Create Volatile Files and Directories...
Nov 28 05:01:28 ip-172-31-0-100 systemd: Starting Preprocess NFS configuration...
Nov 28 05:01:28 ip-172-31-0-100 systemd: Started Preprocess NFS configuration.
Nov 28 05:01:28 ip-172-31-0-100 systemd: Started Tell Plymouth To Write Out Runtime Data.
Nov 28 05:01:28 ip-172-31-0-100 systemd: Started Create Volatile Files and Directories.
Nov 28 05:01:28 ip-172-31-0-100 systemd: Starting Security Auditing Service...
Nov 28 05:01:28 ip-172-31-0-100 systemd: Mounting RPC Pipe File System...
Nov 28 05:01:28 ip-172-31-0-100 kernel: RPC: Registered named UNIX socket transport module.
Nov 28 05:01:28 ip-172-31-0-100 kernel: RPC: Registered udp transport module.
Nov 28 05:01:28 ip-172-31-0-100 kernel: RPC: Registered tcp transport module.
Nov 28 05:01:28 ip-172-31-0-100 kernel: RPC: Registered tcp NFSv4.1 backchannel transport module.
Nov 28 05:01:28 ip-172-31-0-100 systemd: Mounted RPC Pipe File System.
Nov 28 05:01:28 ip-172-31-0-100 systemd: Reached target rpc_pipefs.target.
Nov 28 05:01:28 ip-172-31-0-100 auditd[2469]: Started dispatcher: /sbin/audispd pid: 2471
Nov 28 05:01:28 ip-172-31-0-100 auditd[2469]: Init complete, auditd 2.8.1 listening for events (startup state enable)
Nov 28 05:01:29 ip-172-31-0-100 audispd: No plugins found, exiting
Nov 28 05:01:29 ip-172-31-0-100 augenrules: /sbin/augenrules: No change
Nov 28 05:01:29 ip-172-31-0-100 augenrules: No rules
Nov 28 05:01:29 ip-172-31-0-100 augenrules: enabled 1
Nov 28 05:01:29 ip-172-31-0-100 augenrules: failure 1
Nov 28 05:01:29 ip-172-31-0-100 augenrules: pid 2469
Nov 28 05:01:29 ip-172-31-0-100 augenrules: rate_limit 0
Nov 28 05:01:29 ip-172-31-0-100 augenrules: backlog_limit 8192
Nov 28 05:01:29 ip-172-31-0-100 augenrules: lost 0
Nov 28 05:01:29 ip-172-31-0-100 augenrules: backlog 1
Nov 28 05:01:29 ip-172-31-0-100 augenrules: backlog_wait_time 15000
Nov 28 05:01:29 ip-172-31-0-100 augenrules: enabled 1
Nov 28 05:01:29 ip-172-31-0-100 augenrules: failure 1
Nov 28 05:01:29 ip-172-31-0-100 augenrules: pid 2469
Nov 28 05:01:29 ip-172-31-0-100 augenrules: rate_limit 0
Nov 28 05:01:29 ip-172-31-0-100 augenrules: backlog_limit 8192
Nov 28 05:01:29 ip-172-31-0-100 augenrules: lost 0
Nov 28 05:01:29 ip-172-31-0-100 augenrules: backlog 1
Nov 28 05:01:29 ip-172-31-0-100 augenrules: backlog_wait_time 15000
Nov 28 05:01:29 ip-172-31-0-100 systemd: Started Security Auditing Service.
Nov 28 05:01:29 ip-172-31-0-100 systemd: Starting Update UTMP about System Boot/Shutdown...
Nov 28 05:01:29 ip-172-31-0-100 systemd: Started Update UTMP about System Boot/Shutdown.
Nov 28 05:01:29 ip-172-31-0-100 systemd: Reached target System Initialization.
Nov 28 05:01:29 ip-172-31-0-100 systemd: Listening on RPCbind Server Activation Socket.
Nov 28 05:01:29 ip-172-31-0-100 systemd: Starting RPC bind service...
Nov 28 05:01:29 ip-172-31-0-100 systemd: Listening on D-Bus System Message Bus Socket.
Nov 28 05:01:29 ip-172-31-0-100 systemd: Reached target Sockets.
Nov 28 05:01:29 ip-172-31-0-100 systemd: Started Daily Cleanup of Temporary Directories.
Nov 28 05:01:29 ip-172-31-0-100 systemd: Reached target Timers.
Nov 28 05:01:29 ip-172-31-0-100 systemd: Started Flexible branding.
Nov 28 05:01:29 ip-172-31-0-100 systemd: Reached target Paths.
Nov 28 05:01:29 ip-172-31-0-100 systemd: Reached target Basic System.
Nov 28 05:01:29 ip-172-31-0-100 systemd: Started D-Bus System Message Bus.
Nov 28 05:01:29 ip-172-31-0-100 systemd: Starting Hardware RNG Entropy Gatherer Wake threshold service...
Nov 28 05:01:29 ip-172-31-0-100 systemd: Starting Initial cloud-init job (pre-networking)...
Nov 28 05:01:29 ip-172-31-0-100 systemd: Starting Dump dmesg to /var/log/dmesg...
Nov 28 05:01:29 ip-172-31-0-100 systemd: Started libstoragemgmt plug-in server daemon.
Nov 28 05:01:29 ip-172-31-0-100 systemd: Starting NTP client/server...
Nov 28 05:01:29 ip-172-31-0-100 systemd: Started irqbalance daemon.
Nov 28 05:01:29 ip-172-31-0-100 systemd: Starting Login Service...
Nov 28 05:01:29 ip-172-31-0-100 systemd: Starting ACPI Event Daemon...
Nov 28 05:01:29 ip-172-31-0-100 systemd: Starting GSSAPI Proxy Daemon...
Nov 28 05:01:29 ip-172-31-0-100 systemd: Starting Resets System Activity Logs...
Nov 28 05:01:29 ip-172-31-0-100 systemd: Started RPC bind service.
Nov 28 05:01:29 ip-172-31-0-100 systemd: Started Hardware RNG Entropy Gatherer Wake threshold service.
Nov 28 05:01:29 ip-172-31-0-100 systemd: Started Dump dmesg to /var/log/dmesg.
Nov 28 05:01:29 ip-172-31-0-100 systemd: Started Hardware RNG Entropy Gatherer Daemon.
Nov 28 05:01:29 ip-172-31-0-100 systemd: Started ACPI Event Daemon.
Nov 28 05:01:29 ip-172-31-0-100 acpid: starting up with netlink and the input layer
Nov 28 05:01:29 ip-172-31-0-100 acpid: skipping incomplete file /etc/acpi/events/videoconf
Nov 28 05:01:29 ip-172-31-0-100 chronyd[2515]: chronyd version 4.2 starting (+CMDMON +NTP +REFCLOCK +RTC +PRIVDROP +SCFILTER +SIGND +ASYNCDNS -NTS +SECHASH +IPV6 +DEBUG)
Nov 28 05:01:29 ip-172-31-0-100 acpid: 2 rules loaded
Nov 28 05:01:29 ip-172-31-0-100 acpid: waiting for events: event logging is off
Nov 28 05:01:29 ip-172-31-0-100 systemd: Started Login Service.
Nov 28 05:01:29 ip-172-31-0-100 chronyd[2515]: Frequency 2.847 +/- 5.262 ppm read from /var/lib/chrony/drift
Nov 28 05:01:29 ip-172-31-0-100 chronyd[2515]: Loaded seccomp filter (level 2)
Nov 28 05:01:29 ip-172-31-0-100 systemd: Started NTP client/server.
Nov 28 05:01:29 ip-172-31-0-100 systemd-logind: New seat seat0.
Nov 28 05:01:29 ip-172-31-0-100 /usr/sbin/irqbalance: Balancing is ineffective on systems with a single cpu.  Shutting down
Nov 28 05:01:29 ip-172-31-0-100 systemd: Started Resets System Activity Logs.
Nov 28 05:01:29 ip-172-31-0-100 systemd: Started GSSAPI Proxy Daemon.
Nov 28 05:01:29 ip-172-31-0-100 systemd: Reached target NFS client services.
Nov 28 05:01:29 ip-172-31-0-100 systemd: Reached target Remote File Systems (Pre).
Nov 28 05:01:29 ip-172-31-0-100 systemd: Reached target Remote File Systems.
Nov 28 05:01:29 ip-172-31-0-100 rngd: Disabling 5: JITTER Entropy generator (jitter)
Nov 28 05:01:29 ip-172-31-0-100 rngd: Initializing available sources
Nov 28 05:01:29 ip-172-31-0-100 rngd: Failed to init entropy source hwrng
Nov 28 05:01:29 ip-172-31-0-100 rngd: Enabling RDRAND rng support
Nov 28 05:01:29 ip-172-31-0-100 rngd: Initializing entropy source rdrand
Nov 28 05:01:30 ip-172-31-0-100 cloud-init: Cloud-init v. 19.3-46.amzn2 running 'init-local' at Mon, 28 Nov 2022 05:01:30 +0000. Up 6.77 seconds.
Nov 28 05:01:30 ip-172-31-0-100 systemd: Started Initial cloud-init job (pre-networking).
Nov 28 05:01:30 ip-172-31-0-100 systemd: Reached target Network (Pre).
Nov 28 05:01:30 ip-172-31-0-100 systemd: Starting LSB: Bring up/down networking...
Nov 28 05:01:31 ip-172-31-0-100 network: Bringing up loopback interface:  [  OK  ]
Nov 28 05:01:31 ip-172-31-0-100 network: Bringing up interface eth0:
Nov 28 05:01:31 ip-172-31-0-100 dhclient[2669]: DHCPDISCOVER on eth0 to 255.255.255.255 port 67 interval 7 (xid=0x104350c0)
Nov 28 05:01:31 ip-172-31-0-100 dhclient[2669]: DHCPREQUEST on eth0 to 255.255.255.255 port 67 (xid=0x104350c0)
Nov 28 05:01:31 ip-172-31-0-100 dhclient[2669]: DHCPOFFER from 172.31.0.1
Nov 28 05:01:31 ip-172-31-0-100 dhclient[2669]: DHCPACK from 172.31.0.1 (xid=0x104350c0)
Nov 28 05:01:31 ip-172-31-0-100 NET: dhclient: Locked /run/dhclient/resolv.lock
Nov 28 05:01:31 ip-172-31-0-100 NET[2728]: /usr/sbin/dhclient-script : updated /etc/resolv.conf
Nov 28 05:01:31 ip-172-31-0-100 dhclient[2669]: bound to 172.31.0.100 -- renewal in 1612 seconds.
Nov 28 05:01:31 ip-172-31-0-100 ec2net: [get_meta] Querying IMDS for meta-data/network/interfaces/macs/02:86:9d:d1:eb:23/local-ipv4s
Nov 28 05:01:31 ip-172-31-0-100 ec2net: [get_meta] Getting token for IMDSv2.
Nov 28 05:01:31 ip-172-31-0-100 network: Determining IP information for eth0... done.
Nov 28 05:01:31 ip-172-31-0-100 ec2net: [get_meta] Trying to get http://169.254.169.254/latest/meta-data/network/interfaces/macs/02:86:9d:d1:eb:23/local-ipv4s
Nov 28 05:01:31 ip-172-31-0-100 ec2net: [remove_aliases] Removing aliases of eth0
Nov 28 05:01:31 ip-172-31-0-100 network: Determining IPv6 information for eth0... done.
Nov 28 05:01:31 ip-172-31-0-100 dhclient[2791]: XMT: Solicit on eth0, interval 1050ms.
Nov 28 05:01:31 ip-172-31-0-100 network: [  OK  ]
Nov 28 05:01:31 ip-172-31-0-100 systemd: Started LSB: Bring up/down networking.
Nov 28 05:01:31 ip-172-31-0-100 systemd: Reached target Network.
Nov 28 05:01:31 ip-172-31-0-100 systemd: Starting Postfix Mail Transport Agent...
Nov 28 05:01:31 ip-172-31-0-100 systemd: Starting Initial cloud-init job (metadata service crawler)...
Nov 28 05:01:31 ip-172-31-0-100 cloud-init: Cloud-init v. 19.3-46.amzn2 running 'init' at Mon, 28 Nov 2022 05:01:31 +0000. Up 7.84 seconds.
Nov 28 05:01:31 ip-172-31-0-100 cloud-init: ci-info: ++++++++++++++++++++++++++++++++++++++Net device info++++++++++++++++++++++++++++++++++++++
Nov 28 05:01:31 ip-172-31-0-100 cloud-init: ci-info: +--------+------+----------------------------+---------------+--------+-------------------+
Nov 28 05:01:31 ip-172-31-0-100 cloud-init: ci-info: | Device |  Up  |          Address           |      Mask     | Scope  |     Hw-Address    |
Nov 28 05:01:31 ip-172-31-0-100 cloud-init: ci-info: +--------+------+----------------------------+---------------+--------+-------------------+
Nov 28 05:01:31 ip-172-31-0-100 cloud-init: ci-info: |  eth0  | True |        172.31.0.100        | 255.255.240.0 | global | 02:86:9d:d1:eb:23 |
Nov 28 05:01:31 ip-172-31-0-100 cloud-init: ci-info: |  eth0  | True | fe80::86:9dff:fed1:eb23/64 |       .       |  link  | 02:86:9d:d1:eb:23 |
Nov 28 05:01:31 ip-172-31-0-100 cloud-init: ci-info: |   lo   | True |         127.0.0.1          |   255.0.0.0   |  host  |         .         |
Nov 28 05:01:31 ip-172-31-0-100 cloud-init: ci-info: |   lo   | True |          ::1/128           |       .       |  host  |         .         |
Nov 28 05:01:31 ip-172-31-0-100 cloud-init: ci-info: +--------+------+----------------------------+---------------+--------+-------------------+
Nov 28 05:01:31 ip-172-31-0-100 cloud-init: ci-info: +++++++++++++++++++++++++++++++Route IPv4 info++++++++++++++++++++++++++++++++
Nov 28 05:01:31 ip-172-31-0-100 cloud-init: ci-info: +-------+-----------------+------------+-----------------+-----------+-------+
Nov 28 05:01:31 ip-172-31-0-100 cloud-init: ci-info: | Route |   Destination   |  Gateway   |     Genmask     | Interface | Flags |
Nov 28 05:01:31 ip-172-31-0-100 cloud-init: ci-info: +-------+-----------------+------------+-----------------+-----------+-------+
Nov 28 05:01:31 ip-172-31-0-100 cloud-init: ci-info: |   0   |     0.0.0.0     | 172.31.0.1 |     0.0.0.0     |    eth0   |   UG  |
Nov 28 05:01:31 ip-172-31-0-100 cloud-init: ci-info: |   1   | 169.254.169.254 |  0.0.0.0   | 255.255.255.255 |    eth0   |   UH  |
Nov 28 05:01:31 ip-172-31-0-100 cloud-init: ci-info: |   2   |    172.31.0.0   |  0.0.0.0   |  255.255.240.0  |    eth0   |   U   |
Nov 28 05:01:31 ip-172-31-0-100 cloud-init: ci-info: +-------+-----------------+------------+-----------------+-----------+-------+
Nov 28 05:01:31 ip-172-31-0-100 cloud-init: ci-info: +++++++++++++++++++Route IPv6 info+++++++++++++++++++
Nov 28 05:01:31 ip-172-31-0-100 cloud-init: ci-info: +-------+-------------+---------+-----------+-------+
Nov 28 05:01:31 ip-172-31-0-100 cloud-init: ci-info: | Route | Destination | Gateway | Interface | Flags |
Nov 28 05:01:31 ip-172-31-0-100 cloud-init: ci-info: +-------+-------------+---------+-----------+-------+
Nov 28 05:01:31 ip-172-31-0-100 cloud-init: ci-info: |   9   |  fe80::/64  |    ::   |    eth0   |   U   |
Nov 28 05:01:31 ip-172-31-0-100 cloud-init: ci-info: |   11  |    local    |    ::   |    eth0   |   U   |
Nov 28 05:01:31 ip-172-31-0-100 cloud-init: ci-info: |   12  |   ff00::/8  |    ::   |    eth0   |   U   |
Nov 28 05:01:31 ip-172-31-0-100 cloud-init: ci-info: +-------+-------------+---------+-----------+-------+
Nov 28 05:01:32 ip-172-31-0-100 dhclient[2791]: XMT: Solicit on eth0, interval 2030ms.
Nov 28 05:01:32 ip-172-31-0-100 systemd: Started Postfix Mail Transport Agent.
Nov 28 05:01:32 ip-172-31-0-100 dbus[2493]: [system] Activating via systemd: service name='org.freedesktop.hostname1' unit='dbus-org.freedesktop.hostname1.service'
Nov 28 05:01:32 ip-172-31-0-100 systemd: Starting Hostname Service...
Nov 28 05:01:32 ip-172-31-0-100 dbus[2493]: [system] Successfully activated service 'org.freedesktop.hostname1'
Nov 28 05:01:32 ip-172-31-0-100 systemd: Started Hostname Service.
Nov 28 05:01:32 ip-172-31-0-100 systemd-hostnamed: Changed static host name to 'ip-172-31-0-100.ec2.internal'
Nov 28 05:01:32 ip-172-31-0-100 systemd-hostnamed: Changed host name to 'ip-172-31-0-100.ec2.internal'
Nov 28 05:01:32 ip-172-31-0-100 systemd: Started Initial cloud-init job (metadata service crawler).
Nov 28 05:01:32 ip-172-31-0-100 systemd: Starting OpenSSH Server Key Generation...
Nov 28 05:01:32 ip-172-31-0-100 systemd: Starting Permit User Sessions...
Nov 28 05:01:32 ip-172-31-0-100 systemd: Reached target Cloud-config availability.
Nov 28 05:01:32 ip-172-31-0-100 systemd: Reached target Network is Online.
Nov 28 05:01:32 ip-172-31-0-100 systemd: Starting Apply the settings specified in cloud-config...
Nov 28 05:01:32 ip-172-31-0-100 systemd: Started amazon-ssm-agent.
Nov 28 05:01:32 ip-172-31-0-100 systemd: Starting Dynamically Generate Message Of The Day...
Nov 28 05:01:32 ip-172-31-0-100 systemd: Starting Notify NFS peers of a restart...
Nov 28 05:01:32 ip-172-31-0-100 systemd: Starting Finds and configures elastic network interfaces...
Nov 28 05:01:32 ip-172-31-0-100 sm-notify[2986]: Version 1.3.0 starting
Nov 28 05:01:32 ip-172-31-0-100 systemd: Starting System Logging Service...
Nov 28 05:01:32 ip-172-31-0-100 ec2net: [ec2ifscan] Scanning for unconfigured interfaces
Nov 28 05:01:33 ip-172-31-0-100 systemd: Started Permit User Sessions.
Nov 28 05:01:33 ip-172-31-0-100 systemd: Started Notify NFS peers of a restart.
Nov 28 05:01:33 ip-172-31-0-100 systemd: Starting Wait for Plymouth Boot Screen to Quit...
Nov 28 05:01:33 ip-172-31-0-100 systemd: Starting Terminate Plymouth Boot Screen...
Nov 28 05:01:33 ip-172-31-0-100 systemd: Started Command Scheduler.
Nov 28 05:01:33 ip-172-31-0-100 systemd: Started Job spooling tools.
Nov 28 05:01:33 ip-172-31-0-100 rsyslogd: [origin software="rsyslogd" swVersion="8.24.0-57.amzn2.2.0.1" x-pid="2991" x-info="http://www.rsyslog.com"] start
Nov 28 05:01:33 ip-172-31-0-100 systemd: Started System Logging Service.
Nov 28 05:01:33 ip-172-31-0-100 systemd: Started Finds and configures elastic network interfaces.
Nov 28 05:01:33 ip-172-31-0-100 systemd: Started Dynamically Generate Message Of The Day.
Nov 28 05:01:33 ip-172-31-0-100 systemd: Received SIGRTMIN+21 from PID 2330 (plymouthd).
Nov 28 05:01:33 ip-172-31-0-100 systemd: Started Terminate Plymouth Boot Screen.
Nov 28 05:01:33 ip-172-31-0-100 systemd: Started Wait for Plymouth Boot Screen to Quit.
Nov 28 05:01:33 ip-172-31-0-100 systemd: Started Serial Getty on ttyS0.
Nov 28 05:01:33 ip-172-31-0-100 systemd: Started Getty on tty1.
Nov 28 05:01:33 ip-172-31-0-100 systemd: Reached target Login Prompts.
Nov 28 05:01:33 ip-172-31-0-100 amazon-ssm-agent: Error occurred fetching the seelog config file path:  open /etc/amazon/ssm/seelog.xml: no such file or directory
Nov 28 05:01:33 ip-172-31-0-100 amazon-ssm-agent: Initializing new seelog logger
Nov 28 05:01:33 ip-172-31-0-100 amazon-ssm-agent: New Seelog Logger Creation Complete
Nov 28 05:01:33 ip-172-31-0-100 amazon-ssm-agent: 2022-11-28 05:01:33 INFO Proxy environment variables:
Nov 28 05:01:33 ip-172-31-0-100 sshd-keygen: Generating SSH2 RSA host key: [  OK  ]
Nov 28 05:01:33 ip-172-31-0-100 amazon-ssm-agent: 2022-11-28 05:01:33 INFO https_proxy:
Nov 28 05:01:33 ip-172-31-0-100 sshd-keygen: Generating SSH2 ECDSA host key: [  OK  ]
Nov 28 05:01:33 ip-172-31-0-100 sshd-keygen: Generating SSH2 ED25519 host key: [  OK  ]
Nov 28 05:01:33 ip-172-31-0-100 systemd: Started OpenSSH Server Key Generation.
Nov 28 05:01:33 ip-172-31-0-100 systemd: Starting OpenSSH server daemon...
Nov 28 05:01:33 ip-172-31-0-100 systemd: Started OpenSSH server daemon.
Nov 28 05:01:33 ip-172-31-0-100 systemd: Reached target Multi-User System.
Nov 28 05:01:33 ip-172-31-0-100 systemd: Reached target aws-eb.target.
Nov 28 05:01:33 ip-172-31-0-100 systemd: Reached target Graphical Interface.
Nov 28 05:01:33 ip-172-31-0-100 systemd: Starting Update UTMP about System Runlevel Changes...
Nov 28 05:01:33 ip-172-31-0-100 amazon-ssm-agent: 2022-11-28 05:01:33 INFO http_proxy:
Nov 28 05:01:33 ip-172-31-0-100 systemd: Started Update UTMP about System Runlevel Changes.
Nov 28 05:01:33 ip-172-31-0-100 amazon-ssm-agent: 2022-11-28 05:01:33 INFO no_proxy:
Nov 28 05:01:33 ip-172-31-0-100 cloud-init: Cloud-init v. 19.3-46.amzn2 running 'modules:config' at Mon, 28 Nov 2022 05:01:33 +0000. Up 9.60 seconds.
Nov 28 05:01:33 ip-172-31-0-100 systemd: Started Apply the settings specified in cloud-config.
Nov 28 05:01:33 ip-172-31-0-100 systemd: Starting Initial hibernation setup job...
Nov 28 05:01:33 ip-172-31-0-100 systemd: Starting Execute cloud user/final scripts...
Nov 28 05:01:33 ip-172-31-0-100 amazon-ssm-agent: 2022-11-28 05:01:33 INFO Agent will take identity from EC2
Nov 28 05:01:33 ip-172-31-0-100 amazon-ssm-agent: 2022-11-28 05:01:33 INFO [amazon-ssm-agent] using named pipe channel for IPC
Nov 28 05:01:33 ip-172-31-0-100 amazon-ssm-agent: 2022-11-28 05:01:33 INFO [amazon-ssm-agent] using named pipe channel for IPC
Nov 28 05:01:33 ip-172-31-0-100 hibinit-agent: Effective config: {'grub_update': True, 'swap_percentage': 100, 'log_to_syslog': True, 'touch_swap': False, 'state_dir': '/var/lib/hibinit-agent', 'swapoff': 'swapoff {swapfile}', 'mkswap': 'mkswap {swapfile}', 'swapon': 'swapon {swapfile}', 'swap_mb': 4000}
Nov 28 05:01:33 ip-172-31-0-100 hibinit-agent: Requesting new IMDSv2 token.
Nov 28 05:01:33 ip-172-31-0-100 hibinit-agent: Instance Launch has not enabled Hibernation Configured Flag. hibinit-agent exiting!!
Nov 28 05:01:34 ip-172-31-0-100 systemd: Stopping ACPI Event Daemon...
Nov 28 05:01:34 ip-172-31-0-100 acpid: exiting
Nov 28 05:01:34 ip-172-31-0-100 systemd: Stopped ACPI Event Daemon.
Nov 28 05:01:34 ip-172-31-0-100 systemd: Starting ACPI Event Daemon...
Nov 28 05:01:34 ip-172-31-0-100 systemd: Started ACPI Event Daemon.
Nov 28 05:01:34 ip-172-31-0-100 systemd: Started Initial hibernation setup job.
Nov 28 05:01:34 ip-172-31-0-100 acpid: starting up with netlink and the input layer
Nov 28 05:01:34 ip-172-31-0-100 acpid: skipping incomplete file /etc/acpi/events/videoconf
Nov 28 05:01:34 ip-172-31-0-100 acpid: 2 rules loaded
Nov 28 05:01:34 ip-172-31-0-100 acpid: waiting for events: event logging is off
Nov 28 05:01:34 ip-172-31-0-100 amazon-ssm-agent: 2022-11-28 05:01:33 INFO [amazon-ssm-agent] using named pipe channel for IPC
Nov 28 05:01:34 ip-172-31-0-100 amazon-ssm-agent: 2022-11-28 05:01:33 INFO [amazon-ssm-agent] amazon-ssm-agent - v3.1.1732.0
Nov 28 05:01:34 ip-172-31-0-100 cloud-init: Cloud-init v. 19.3-46.amzn2 running 'modules:final' at Mon, 28 Nov 2022 05:01:34 +0000. Up 10.15 seconds.
Nov 28 05:01:34 ip-172-31-0-100 [eb-cfn-init]: [2022-11-28T05:01:34Z] Started EB User Data
Nov 28 05:01:34 ip-172-31-0-100 [eb-cfn-init]: + SLEEP_TIME=2
Nov 28 05:01:34 ip-172-31-0-100 amazon-ssm-agent: 2022-11-28 05:01:33 INFO [amazon-ssm-agent] OS: linux, Arch: amd64
Nov 28 05:01:34 ip-172-31-0-100 [eb-cfn-init]: + SLEEP_TIME_MAX=3600
Nov 28 05:01:34 ip-172-31-0-100 [eb-cfn-init]: + true
Nov 28 05:01:34 ip-172-31-0-100 [eb-cfn-init]: + curl https://elasticbeanstalk-platform-assets-us-east-1.s3.amazonaws.com/stalks/eb_docker_amazon_linux_2_1.0.2207.0_20221029050947/lib/UserDataScript.sh
Nov 28 05:01:34 ip-172-31-0-100 [eb-cfn-init]:  % Total    % Received % Xferd  Average Speed   Time    Time     Time  Current
Nov 28 05:01:34 ip-172-31-0-100 [eb-cfn-init]:                                 Dload  Upload   Total   Spent    Left  Speed
Nov 28 05:01:34 ip-172-31-0-100 [eb-cfn-init]: #015  0     0    0     0    0     0      0      0 --:--:-- --:--:-- --:--:--     0#015100  4627  100  4627    0     0  64013      0 --:--:-- --:--:-- --:--:-- 64263
Nov 28 05:01:34 ip-172-31-0-100 [eb-cfn-init]: [2022-11-28T05:01:34.333Z] Started EB Bootstrapping Script.
Nov 28 05:01:34 ip-172-31-0-100 [eb-cfn-init]: + RESULT=0
Nov 28 05:01:34 ip-172-31-0-100 [eb-cfn-init]: + [[ 0 -ne 0 ]]
Nov 28 05:01:34 ip-172-31-0-100 [eb-cfn-init]: + /bin/bash /tmp/ebbootstrap.sh 'https://cloudformation-waitcondition-us-east-1.s3.amazonaws.com/arn%3Aaws%3Acloudformation%3Aus-east-1%3A344508626519%3Astack/awseb-e-bmin35wex8-stack/8bbbc250-6ed9-11ed-9b0a-0ab858f14c8d/AWSEBInstanceLaunchWaitHandle?X-Amz-Algorithm=AWS4-HMAC-SHA256&X-Amz-Date=20221128T050022Z&X-Amz-SignedHeaders=host&X-Amz-Expires=86399&X-Amz-Credential=AKIA6L7Q4OWT2GZYHG7N%2F20221128%2Fus-east-1%2Fs3%2Faws4_request&X-Amz-Signature=0214deab121fcc90043b7237d73c40c588b5a51249448ebeea2140daef650227' arn:aws:cloudformation:us-east-1:344508626519:stack/awseb-e-bmin35wex8-stack/8bbbc250-6ed9-11ed-9b0a-0ab858f14c8d ca5b830d-7748-4d95-b603-b2cdb4a86d39 https://elasticbeanstalk-health.us-east-1.amazonaws.com '' https://elasticbeanstalk-platform-assets-us-east-1.s3.amazonaws.com/stalks/eb_docker_amazon_linux_2_1.0.2207.0_20221029050947 us-east-1
Nov 28 05:01:34 ip-172-31-0-100 amazon-ssm-agent: 2022-11-28 05:01:33 INFO [CredentialRefresher] Identity does not require credential refresher
Nov 28 05:01:34 ip-172-31-0-100 [eb-cfn-init]: [2022-11-28T05:01:34.347Z] Received parameters:
Nov 28 05:01:34 ip-172-31-0-100 [eb-cfn-init]: TARBALLS =
Nov 28 05:01:34 ip-172-31-0-100 [eb-cfn-init]: EB_GEMS =
Nov 28 05:01:34 ip-172-31-0-100 [eb-cfn-init]: SIGNAL_URL = https://cloudformation-waitcondition-us-east-1.s3.amazonaws.com/arn%3Aaws%3Acloudformation%3Aus-east-1%3A344508626519%3Astack/awseb-e-bmin35wex8-stack/8bbbc250-6ed9-11ed-9b0a-0ab858f14c8d/AWSEBInstanceLaunchWaitHandle?X-Amz-Algorithm=AWS4-HMAC-SHA256&X-Amz-Date=20221128T050022Z&X-Amz-SignedHeaders=host&X-Amz-Expires=86399&X-Amz-Credential=AKIA6L7Q4OWT2GZYHG7N%2F20221128%2Fus-east-1%2Fs3%2Faws4_request&X-Amz-Signature=0214deab121fcc90043b7237d73c40c588b5a51249448ebeea2140daef650227
Nov 28 05:01:34 ip-172-31-0-100 [eb-cfn-init]: STACK_ID = arn:aws:cloudformation:us-east-1:344508626519:stack/awseb-e-bmin35wex8-stack/8bbbc250-6ed9-11ed-9b0a-0ab858f14c8d
Nov 28 05:01:34 ip-172-31-0-100 [eb-cfn-init]: REGION = us-east-1
Nov 28 05:01:34 ip-172-31-0-100 amazon-ssm-agent: 2022-11-28 05:01:34 INFO [amazon-ssm-agent] [LongRunningWorkerContainer] [WorkerProvider] Worker ssm-agent-worker is not running, starting worker process
Nov 28 05:01:34 ip-172-31-0-100 [eb-cfn-init]: GUID =
Nov 28 05:01:34 ip-172-31-0-100 dhclient[2791]: XMT: Solicit on eth0, interval 3920ms.
Nov 28 05:01:34 ip-172-31-0-100 [eb-cfn-init]: HEALTHD_GROUP_ID = ca5b830d-7748-4d95-b603-b2cdb4a86d39
Nov 28 05:01:34 ip-172-31-0-100 [eb-cfn-init]: HEALTHD_ENDPOINT = https://elasticbeanstalk-health.us-east-1.amazonaws.com
Nov 28 05:01:34 ip-172-31-0-100 [eb-cfn-init]: PROXY_SERVER =
Nov 28 05:01:34 ip-172-31-0-100 [eb-cfn-init]: HEALTHD_PROXY_LOG_LOCATION =
Nov 28 05:01:34 ip-172-31-0-100 [eb-cfn-init]: PLATFORM_ASSETS_URL = https://elasticbeanstalk-platform-assets-us-east-1.s3.amazonaws.com/stalks/eb_docker_amazon_linux_2_1.0.2207.0_20221029050947
Nov 28 05:01:34 ip-172-31-0-100 [eb-cfn-init]: [2022-11-28T05:01:34.400Z] engine url is set to https://elasticbeanstalk-platform-assets-us-east-1.s3.amazonaws.com/stalks/eb_docker_amazon_linux_2_1.0.2207.0_20221029050947/lib/platform-engine.zip
Nov 28 05:01:34 ip-172-31-0-100 [eb-cfn-init]: [2022-11-28T05:01:34.436Z] first init of instance.
Nov 28 05:01:34 ip-172-31-0-100 [eb-cfn-init]: [2022-11-28T05:01:34.438Z] Started executing cfn_init _OnInstanceBoot.
Nov 28 05:01:34 ip-172-31-0-100 [eb-cfn-init]: [2022-11-28T05:01:34.455Z] Running cfn-init ConfigSet: _OnInstanceBoot.
Nov 28 05:01:34 ip-172-31-0-100 [eb-cfn-init]: [2022-11-28T05:01:34.477Z] Using stack-id from userdata
Nov 28 05:01:34 ip-172-31-0-100 amazon-ssm-agent: 2022-11-28 05:01:34 INFO [amazon-ssm-agent] [LongRunningWorkerContainer] [WorkerProvider] Worker ssm-agent-worker (pid:3097) started
Nov 28 05:01:34 ip-172-31-0-100 amazon-ssm-agent: 2022-11-28 05:01:34 INFO [amazon-ssm-agent] [LongRunningWorkerContainer] Monitor long running worker health every 60 seconds
Nov 28 05:01:35 ip-172-31-0-100 chronyd[2515]: Selected source 169.254.169.123
Nov 28 05:01:36 ip-172-31-0-100 [eb-cfn-init]: [2022-11-28T05:01:36.104Z] Command Returned:
Nov 28 05:01:36 ip-172-31-0-100 [eb-cfn-init]: [2022-11-28T05:01:36.111Z] Completed executing cfn_init.
Nov 28 05:01:36 ip-172-31-0-100 [eb-cfn-init]: [2022-11-28T05:01:36.116Z] finished _OnInstanceBoot
Nov 28 05:01:36 ip-172-31-0-100 [eb-cfn-init]: --2022-11-28 05:01:36--  https://elasticbeanstalk-platform-assets-us-east-1.s3.amazonaws.com/stalks/eb_docker_amazon_linux_2_1.0.2207.0_20221029050947/lib/platform-engine.zip
Nov 28 05:01:36 ip-172-31-0-100 [eb-cfn-init]: Resolving elasticbeanstalk-platform-assets-us-east-1.s3.amazonaws.com (elasticbeanstalk-platform-assets-us-east-1.s3.amazonaws.com)... 52.217.166.177, 52.217.195.57, 52.217.201.97, ...
Nov 28 05:01:36 ip-172-31-0-100 [eb-cfn-init]: Connecting to elasticbeanstalk-platform-assets-us-east-1.s3.amazonaws.com (elasticbeanstalk-platform-assets-us-east-1.s3.amazonaws.com)|52.217.166.177|:443... connected.
Nov 28 05:01:36 ip-172-31-0-100 [eb-cfn-init]: HTTP request sent, awaiting response... 200 OK
Nov 28 05:01:36 ip-172-31-0-100 [eb-cfn-init]: Length: 27063820 (26M) [application/zip]
Nov 28 05:01:36 ip-172-31-0-100 [eb-cfn-init]: Saving to: â€˜/tmp/platform-engine.zipâ€™
Nov 28 05:01:36 ip-172-31-0-100 [eb-cfn-init]: 
Nov 28 05:01:36 ip-172-31-0-100 [eb-cfn-init]:     0K .......... .......... .......... .......... ..........  0% 9.08M 3s
Nov 28 05:01:36 ip-172-31-0-100 [eb-cfn-init]:    50K .......... .......... .......... .......... ..........  0% 9.01M 3s
Nov 28 05:01:36 ip-172-31-0-100 [eb-cfn-init]:   100K .......... .......... .......... .......... ..........  0%  102M 2s
Nov 28 05:01:36 ip-172-31-0-100 [eb-cfn-init]:   150K .......... .......... .......... .......... ..........  0% 8.49M 2s
Nov 28 05:01:36 ip-172-31-0-100 [eb-cfn-init]:   200K .......... .......... .......... .......... ..........  0%  106M 2s
Nov 28 05:01:36 ip-172-31-0-100 [eb-cfn-init]:   250K .......... .......... .......... .......... ..........  1% 81.7M 2s
Nov 28 05:01:36 ip-172-31-0-100 [eb-cfn-init]:   300K .......... .......... .......... .......... ..........  1%  104M 1s
Nov 28 05:01:36 ip-172-31-0-100 [eb-cfn-init]:   350K .......... .......... .......... .......... ..........  1% 73.4M 1s
Nov 28 05:01:36 ip-172-31-0-100 [eb-cfn-init]:   400K .......... .......... .......... .......... ..........  1% 95.9M 1s
Nov 28 05:01:36 ip-172-31-0-100 [eb-cfn-init]:   450K .......... .......... .......... .......... ..........  1% 97.5M 1s
Nov 28 05:01:36 ip-172-31-0-100 [eb-cfn-init]:   500K .......... .......... .......... .......... ..........  2%  104M 1s
Nov 28 05:01:36 ip-172-31-0-100 [eb-cfn-init]:   550K .......... .......... .......... .......... ..........  2% 78.7M 1s
Nov 28 05:01:36 ip-172-31-0-100 [eb-cfn-init]:   600K .......... .......... .......... .......... ..........  2% 92.7M 1s
Nov 28 05:01:36 ip-172-31-0-100 [eb-cfn-init]:   650K .......... .......... .......... .......... ..........  2% 57.4M 1s
Nov 28 05:01:36 ip-172-31-0-100 [eb-cfn-init]:   700K .......... .......... .......... .......... ..........  2% 72.6M 1s
Nov 28 05:01:36 ip-172-31-0-100 [eb-cfn-init]:   750K .......... .......... .......... .......... ..........  3% 50.6M 1s
Nov 28 05:01:36 ip-172-31-0-100 [eb-cfn-init]:   800K .......... .......... .......... .......... ..........  3% 14.9M 1s
Nov 28 05:01:36 ip-172-31-0-100 [eb-cfn-init]:   850K .......... .......... .......... .......... ..........  3%  106M 1s
Nov 28 05:01:36 ip-172-31-0-100 [eb-cfn-init]:   900K .......... .......... .......... .......... ..........  3%  117M 1s
Nov 28 05:01:36 ip-172-31-0-100 [eb-cfn-init]:   950K .......... .......... .......... .......... ..........  3%  110M 1s
Nov 28 05:01:36 ip-172-31-0-100 [eb-cfn-init]:  1000K .......... .......... .......... .......... ..........  3% 63.6M 1s
Nov 28 05:01:36 ip-172-31-0-100 [eb-cfn-init]:  1050K .......... .......... .......... .......... ..........  4% 77.4M 1s
Nov 28 05:01:36 ip-172-31-0-100 [eb-cfn-init]:  1100K .......... .......... .......... .......... ..........  4% 87.8M 1s
Nov 28 05:01:36 ip-172-31-0-100 [eb-cfn-init]:  1150K .......... .......... .......... .......... ..........  4% 7.09M 1s
Nov 28 05:01:36 ip-172-31-0-100 [eb-cfn-init]:  1200K .......... .......... .......... .......... ..........  4%  105M 1s
Nov 28 05:01:36 ip-172-31-0-100 [eb-cfn-init]:  1250K .......... .......... .......... .......... ..........  4% 92.6M 1s
Nov 28 05:01:36 ip-172-31-0-100 [eb-cfn-init]:  1300K .......... .......... .......... .......... ..........  5% 76.0M 1s
Nov 28 05:01:36 ip-172-31-0-100 [eb-cfn-init]:  1350K .......... .......... .......... .......... ..........  5% 68.0M 1s
Nov 28 05:01:36 ip-172-31-0-100 [eb-cfn-init]:  1400K .......... .......... .......... .......... ..........  5%  107M 1s
Nov 28 05:01:36 ip-172-31-0-100 [eb-cfn-init]:  1450K .......... .......... .......... .......... ..........  5%  107M 1s
Nov 28 05:01:36 ip-172-31-0-100 [eb-cfn-init]:  1500K .......... .......... .......... .......... ..........  5%  107M 1s
Nov 28 05:01:36 ip-172-31-0-100 [eb-cfn-init]:  1550K .......... .......... .......... .......... ..........  6%  102M 1s
Nov 28 05:01:36 ip-172-31-0-100 [eb-cfn-init]:  1600K .......... .......... .......... .......... ..........  6% 72.4M 1s
Nov 28 05:01:36 ip-172-31-0-100 [eb-cfn-init]:  1650K .......... .......... .......... .......... ..........  6% 76.3M 1s
Nov 28 05:01:36 ip-172-31-0-100 [eb-cfn-init]:  1700K .......... .......... .......... .......... ..........  6%  106M 1s
Nov 28 05:01:36 ip-172-31-0-100 [eb-cfn-init]:  1750K .......... .......... .......... .......... ..........  6%  116M 1s
Nov 28 05:01:36 ip-172-31-0-100 [eb-cfn-init]:  1800K .......... .......... .......... .......... ..........  6%  107M 1s
Nov 28 05:01:36 ip-172-31-0-100 [eb-cfn-init]:  1850K .......... .......... .......... .......... ..........  7% 71.5M 1s
Nov 28 05:01:36 ip-172-31-0-100 [eb-cfn-init]:  1900K .......... .......... .......... .......... ..........  7% 98.5M 1s
Nov 28 05:01:36 ip-172-31-0-100 [eb-cfn-init]:  1950K .......... .......... .......... .......... ..........  7% 68.5M 1s
Nov 28 05:01:36 ip-172-31-0-100 [eb-cfn-init]:  2000K .......... .......... .......... .......... ..........  7%  110M 1s
Nov 28 05:01:36 ip-172-31-0-100 [eb-cfn-init]:  2050K .......... .......... .......... .......... ..........  7%  107M 1s
Nov 28 05:01:36 ip-172-31-0-100 [eb-cfn-init]:  2100K .......... .......... .......... .......... ..........  8% 99.5M 1s
Nov 28 05:01:36 ip-172-31-0-100 [eb-cfn-init]:  2150K .......... .......... .......... .......... ..........  8% 8.16M 1s
Nov 28 05:01:36 ip-172-31-0-100 [eb-cfn-init]:  2200K .......... .......... .......... .......... ..........  8%  109M 1s
Nov 28 05:01:36 ip-172-31-0-100 [eb-cfn-init]:  2250K .......... .......... .......... .......... ..........  8% 91.4M 1s
Nov 28 05:01:36 ip-172-31-0-100 [eb-cfn-init]:  2300K .......... .......... .......... .......... ..........  8% 98.3M 1s
Nov 28 05:01:36 ip-172-31-0-100 [eb-cfn-init]:  2350K .......... .......... .......... .......... ..........  9% 93.6M 1s
Nov 28 05:01:36 ip-172-31-0-100 [eb-cfn-init]:  2400K .......... .......... .......... .......... ..........  9% 80.7M 1s
Nov 28 05:01:36 ip-172-31-0-100 [eb-cfn-init]:  2450K .......... .......... .......... .......... ..........  9% 61.9M 1s
Nov 28 05:01:36 ip-172-31-0-100 [eb-cfn-init]:  2500K .......... .......... .......... .......... ..........  9% 62.6M 1s
Nov 28 05:01:36 ip-172-31-0-100 [eb-cfn-init]:  2550K .......... .......... .......... .......... ..........  9%  116M 1s
Nov 28 05:01:36 ip-172-31-0-100 [eb-cfn-init]:  2600K .......... .......... .......... .......... .......... 10%  111M 1s
Nov 28 05:01:36 ip-172-31-0-100 [eb-cfn-init]:  2650K .......... .......... .......... .......... .......... 10%  107M 1s
Nov 28 05:01:36 ip-172-31-0-100 [eb-cfn-init]:  2700K .......... .......... .......... .......... .......... 10% 62.7M 1s
Nov 28 05:01:36 ip-172-31-0-100 [eb-cfn-init]:  2750K .......... .......... .......... .......... .......... 10% 87.9M 1s
Nov 28 05:01:36 ip-172-31-0-100 [eb-cfn-init]:  2800K .......... .......... .......... .......... .......... 10% 85.3M 1s
Nov 28 05:01:36 ip-172-31-0-100 [eb-cfn-init]:  2850K .......... .......... .......... .......... .......... 10%  103M 1s
Nov 28 05:01:36 ip-172-31-0-100 [eb-cfn-init]:  2900K .......... .......... .......... .......... .......... 11% 6.52M 1s
Nov 28 05:01:36 ip-172-31-0-100 [eb-cfn-init]:  2950K .......... .......... .......... .......... .......... 11% 98.2M 1s
Nov 28 05:01:36 ip-172-31-0-100 [eb-cfn-init]:  3000K .......... .......... .......... .......... .......... 11%  108M 1s
Nov 28 05:01:36 ip-172-31-0-100 [eb-cfn-init]:  3050K .......... .......... .......... .......... .......... 11%  101M 1s
Nov 28 05:01:36 ip-172-31-0-100 [eb-cfn-init]:  3100K .......... .......... .......... .......... .......... 11%  107M 1s
Nov 28 05:01:36 ip-172-31-0-100 [eb-cfn-init]:  3150K .......... .......... .......... .......... .......... 12%  103M 1s
Nov 28 05:01:36 ip-172-31-0-100 [eb-cfn-init]:  3200K .......... .......... .......... .......... .......... 12%  102M 1s
Nov 28 05:01:36 ip-172-31-0-100 [eb-cfn-init]:  3250K .......... .......... .......... .......... .......... 12%  101M 1s
Nov 28 05:01:36 ip-172-31-0-100 [eb-cfn-init]:  3300K .......... .......... .......... .......... .......... 12% 54.7M 1s
Nov 28 05:01:36 ip-172-31-0-100 [eb-cfn-init]:  3350K .......... .......... .......... .......... .......... 12% 70.4M 1s
Nov 28 05:01:36 ip-172-31-0-100 [eb-cfn-init]:  3400K .......... .......... .......... .......... .......... 13%  115M 0s
Nov 28 05:01:36 ip-172-31-0-100 [eb-cfn-init]:  3450K .......... .......... .......... .......... .......... 13%  122M 0s
Nov 28 05:01:36 ip-172-31-0-100 [eb-cfn-init]:  3500K .......... .......... .......... .......... .......... 13%  103M 0s
Nov 28 05:01:37 ip-172-31-0-100 [eb-cfn-init]:  3550K .......... .......... .......... .......... .......... 13% 99.2M 0s
Nov 28 05:01:37 ip-172-31-0-100 [eb-cfn-init]:  3600K .......... .......... .......... .......... .......... 13% 76.5M 0s
Nov 28 05:01:37 ip-172-31-0-100 [eb-cfn-init]:  3650K .......... .......... .......... .......... .......... 13% 75.3M 0s
Nov 28 05:01:37 ip-172-31-0-100 [eb-cfn-init]:  3700K .......... .......... .......... .......... .......... 14% 84.9M 0s
Nov 28 05:01:37 ip-172-31-0-100 [eb-cfn-init]:  3750K .......... .......... .......... .......... .......... 14% 97.4M 0s
Nov 28 05:01:37 ip-172-31-0-100 [eb-cfn-init]:  3800K .......... .......... .......... .......... .......... 14% 97.0M 0s
Nov 28 05:01:37 ip-172-31-0-100 [eb-cfn-init]:  3850K .......... .......... .......... .......... .......... 14% 79.3M 0s
Nov 28 05:01:37 ip-172-31-0-100 [eb-cfn-init]:  3900K .......... .......... .......... .......... .......... 14% 73.2M 0s
Nov 28 05:01:37 ip-172-31-0-100 [eb-cfn-init]:  3950K .......... .......... .......... .......... .......... 15% 7.38M 0s
Nov 28 05:01:37 ip-172-31-0-100 [eb-cfn-init]:  4000K .......... .......... .......... .......... .......... 15%  105M 0s
Nov 28 05:01:37 ip-172-31-0-100 [eb-cfn-init]:  4050K .......... .......... .......... .......... .......... 15% 91.4M 0s
Nov 28 05:01:37 ip-172-31-0-100 [eb-cfn-init]:  4100K .......... .......... .......... .......... .......... 15% 84.9M 0s
Nov 28 05:01:37 ip-172-31-0-100 [eb-cfn-init]:  4150K .......... .......... .......... .......... .......... 15% 73.1M 0s
Nov 28 05:01:37 ip-172-31-0-100 [eb-cfn-init]:  4200K .......... .......... .......... .......... .......... 16%  107M 0s
Nov 28 05:01:37 ip-172-31-0-100 [eb-cfn-init]:  4250K .......... .......... .......... .......... .......... 16%  110M 0s
Nov 28 05:01:37 ip-172-31-0-100 [eb-cfn-init]:  4300K .......... .......... .......... .......... .......... 16%  117M 0s
Nov 28 05:01:37 ip-172-31-0-100 [eb-cfn-init]:  4350K .......... .......... .......... .......... .......... 16% 62.8M 0s
Nov 28 05:01:37 ip-172-31-0-100 [eb-cfn-init]:  4400K .......... .......... .......... .......... .......... 16% 70.5M 0s
Nov 28 05:01:37 ip-172-31-0-100 [eb-cfn-init]:  4450K .......... .......... .......... .......... .......... 17%  102M 0s
Nov 28 05:01:37 ip-172-31-0-100 [eb-cfn-init]:  4500K .......... .......... .......... .......... .......... 17%  105M 0s
Nov 28 05:01:37 ip-172-31-0-100 [eb-cfn-init]:  4550K .......... .......... .......... .......... .......... 17%  107M 0s
Nov 28 05:01:37 ip-172-31-0-100 [eb-cfn-init]:  4600K .......... .......... .......... .......... .......... 17% 70.8M 0s
Nov 28 05:01:37 ip-172-31-0-100 [eb-cfn-init]:  4650K .......... .......... .......... .......... .......... 17% 76.4M 0s
Nov 28 05:01:37 ip-172-31-0-100 [eb-cfn-init]:  4700K .......... .......... .......... .......... .......... 17% 91.7M 0s
Nov 28 05:01:37 ip-172-31-0-100 [eb-cfn-init]:  4750K .......... .......... .......... .......... .......... 18%  104M 0s
Nov 28 05:01:37 ip-172-31-0-100 [eb-cfn-init]:  4800K .......... .......... .......... .......... .......... 18%  101M 0s
Nov 28 05:01:37 ip-172-31-0-100 [eb-cfn-init]:  4850K .......... .......... .......... .......... .......... 18%  108M 0s
Nov 28 05:01:37 ip-172-31-0-100 [eb-cfn-init]:  4900K .......... .......... .......... .......... .......... 18% 6.94M 0s
Nov 28 05:01:37 ip-172-31-0-100 [eb-cfn-init]:  4950K .......... .......... .......... .......... .......... 18%  100M 0s
Nov 28 05:01:37 ip-172-31-0-100 [eb-cfn-init]:  5000K .......... .......... .......... .......... .......... 19% 89.7M 0s
Nov 28 05:01:37 ip-172-31-0-100 [eb-cfn-init]:  5050K .......... .......... .......... .......... .......... 19%  101M 0s
Nov 28 05:01:37 ip-172-31-0-100 [eb-cfn-init]:  5100K .......... .......... .......... .......... .......... 19% 95.1M 0s
Nov 28 05:01:37 ip-172-31-0-100 [eb-cfn-init]:  5150K .......... .......... .......... .......... .......... 19% 82.9M 0s
Nov 28 05:01:37 ip-172-31-0-100 [eb-cfn-init]:  5200K .......... .......... .......... .......... .......... 19% 76.5M 0s
Nov 28 05:01:37 ip-172-31-0-100 [eb-cfn-init]:  5250K .......... .......... .......... .......... .......... 20%  105M 0s
Nov 28 05:01:37 ip-172-31-0-100 [eb-cfn-init]:  5300K .......... .......... .......... .......... .......... 20% 94.7M 0s
Nov 28 05:01:37 ip-172-31-0-100 [eb-cfn-init]:  5350K .......... .......... .......... .......... .......... 20% 93.7M 0s
Nov 28 05:01:37 ip-172-31-0-100 [eb-cfn-init]:  5400K .......... .......... .......... .......... .......... 20% 64.3M 0s
Nov 28 05:01:37 ip-172-31-0-100 [eb-cfn-init]:  5450K .......... .......... .......... .......... .......... 20% 74.5M 0s
Nov 28 05:01:37 ip-172-31-0-100 [eb-cfn-init]:  5500K .......... .......... .......... .......... .......... 20%  108M 0s
Nov 28 05:01:37 ip-172-31-0-100 [eb-cfn-init]:  5550K .......... .......... .......... .......... .......... 21%  115M 0s
Nov 28 05:01:37 ip-172-31-0-100 [eb-cfn-init]:  5600K .......... .......... .......... .......... .......... 21%  103M 0s
Nov 28 05:01:37 ip-172-31-0-100 [eb-cfn-init]:  5650K .......... .......... .......... .......... .......... 21% 67.1M 0s
Nov 28 05:01:37 ip-172-31-0-100 [eb-cfn-init]:  5700K .......... .......... .......... .......... .......... 21% 97.0M 0s
Nov 28 05:01:37 ip-172-31-0-100 [eb-cfn-init]:  5750K .......... .......... .......... .......... .......... 21% 74.8M 0s
Nov 28 05:01:37 ip-172-31-0-100 [eb-cfn-init]:  5800K .......... .......... .......... .......... .......... 22% 7.21M 0s
Nov 28 05:01:37 ip-172-31-0-100 [eb-cfn-init]:  5850K .......... .......... .......... .......... .......... 22%  101M 0s
Nov 28 05:01:37 ip-172-31-0-100 [eb-cfn-init]:  5900K .......... .......... .......... .......... .......... 22%  104M 0s
Nov 28 05:01:37 ip-172-31-0-100 [eb-cfn-init]:  5950K .......... .......... .......... .......... .......... 22% 73.1M 0s
Nov 28 05:01:37 ip-172-31-0-100 [eb-cfn-init]:  6000K .......... .......... .......... .......... .......... 22%  104M 0s
Nov 28 05:01:37 ip-172-31-0-100 [eb-cfn-init]:  6050K .......... .......... .......... .......... .......... 23% 76.7M 0s
Nov 28 05:01:37 ip-172-31-0-100 [eb-cfn-init]:  6100K .......... .......... .......... .......... .......... 23%  110M 0s
Nov 28 05:01:37 ip-172-31-0-100 [eb-cfn-init]:  6150K .......... .......... .......... .......... .......... 23%  105M 0s
Nov 28 05:01:37 ip-172-31-0-100 [eb-cfn-init]:  6200K .......... .......... .......... .......... .......... 23% 77.1M 0s
Nov 28 05:01:37 ip-172-31-0-100 [eb-cfn-init]:  6250K .......... .......... .......... .......... .......... 23% 86.2M 0s
Nov 28 05:01:37 ip-172-31-0-100 [eb-cfn-init]:  6300K .......... .......... .......... .......... .......... 24% 77.6M 0s
Nov 28 05:01:37 ip-172-31-0-100 [eb-cfn-init]:  6350K .......... .......... .......... .......... .......... 24%  110M 0s
Nov 28 05:01:37 ip-172-31-0-100 [eb-cfn-init]:  6400K .......... .......... .......... .......... .......... 24%  119M 0s
Nov 28 05:01:37 ip-172-31-0-100 [eb-cfn-init]:  6450K .......... .......... .......... .......... .......... 24% 94.3M 0s
Nov 28 05:01:37 ip-172-31-0-100 [eb-cfn-init]:  6500K .......... .......... .......... .......... .......... 24% 77.4M 0s
Nov 28 05:01:37 ip-172-31-0-100 [eb-cfn-init]:  6550K .......... .......... .......... .......... .......... 24% 97.0M 0s
Nov 28 05:01:37 ip-172-31-0-100 [eb-cfn-init]:  6600K .......... .......... .......... .......... .......... 25% 77.9M 0s
Nov 28 05:01:37 ip-172-31-0-100 [eb-cfn-init]:  6650K .......... .......... .......... .......... .......... 25% 94.6M 0s
Nov 28 05:01:37 ip-172-31-0-100 [eb-cfn-init]:  6700K .......... .......... .......... .......... .......... 25%  104M 0s
Nov 28 05:01:37 ip-172-31-0-100 [eb-cfn-init]:  6750K .......... .......... .......... .......... .......... 25% 84.2M 0s
Nov 28 05:01:37 ip-172-31-0-100 [eb-cfn-init]:  6800K .......... .......... .......... .......... .......... 25% 8.19M 0s
Nov 28 05:01:37 ip-172-31-0-100 [eb-cfn-init]:  6850K .......... .......... .......... .......... .......... 26%  115M 0s
Nov 28 05:01:37 ip-172-31-0-100 [eb-cfn-init]:  6900K .......... .......... .......... .......... .......... 26% 79.3M 0s
Nov 28 05:01:37 ip-172-31-0-100 [eb-cfn-init]:  6950K .......... .......... .......... .......... .......... 26%  106M 0s
Nov 28 05:01:37 ip-172-31-0-100 [eb-cfn-init]:  7000K .......... .......... .......... .......... .......... 26%  107M 0s
Nov 28 05:01:37 ip-172-31-0-100 [eb-cfn-init]:  7050K .......... .......... .......... .......... .......... 26% 66.0M 0s
Nov 28 05:01:37 ip-172-31-0-100 [eb-cfn-init]:  7100K .......... .......... .......... .......... .......... 27% 76.1M 0s
Nov 28 05:01:37 ip-172-31-0-100 [eb-cfn-init]:  7150K .......... .......... .......... .......... .......... 27%  104M 0s
Nov 28 05:01:37 ip-172-31-0-100 [eb-cfn-init]:  7200K .......... .......... .......... .......... .......... 27% 10.9M 0s
Nov 28 05:01:37 ip-172-31-0-100 [eb-cfn-init]:  7250K .......... .......... .......... .......... .......... 27%  113M 0s
Nov 28 05:01:37 ip-172-31-0-100 [eb-cfn-init]:  7300K .......... .......... .......... .......... .......... 27% 67.1M 0s
Nov 28 05:01:37 ip-172-31-0-100 [eb-cfn-init]:  7350K .......... .......... .......... .......... .......... 27%  107M 0s
Nov 28 05:01:37 ip-172-31-0-100 [eb-cfn-init]:  7400K .......... .......... .......... .......... .......... 28% 68.7M 0s
Nov 28 05:01:37 ip-172-31-0-100 [eb-cfn-init]:  7450K .......... .......... .......... .......... .......... 28% 97.8M 0s
Nov 28 05:01:37 ip-172-31-0-100 [eb-cfn-init]:  7500K .......... .......... .......... .......... .......... 28% 89.2M 0s
Nov 28 05:01:37 ip-172-31-0-100 [eb-cfn-init]:  7550K .......... .......... .......... .......... .......... 28% 73.0M 0s
Nov 28 05:01:37 ip-172-31-0-100 [eb-cfn-init]:  7600K .......... .......... .......... .......... .......... 28% 84.0M 0s
Nov 28 05:01:37 ip-172-31-0-100 [eb-cfn-init]:  7650K .......... .......... .......... .......... .......... 29%  107M 0s
Nov 28 05:01:37 ip-172-31-0-100 [eb-cfn-init]:  7700K .......... .......... .......... .......... .......... 29%  121M 0s
Nov 28 05:01:37 ip-172-31-0-100 [eb-cfn-init]:  7750K .......... .......... .......... .......... .......... 29% 87.1M 0s
Nov 28 05:01:37 ip-172-31-0-100 [eb-cfn-init]:  7800K .......... .......... .......... .......... .......... 29% 10.2M 0s
Nov 28 05:01:37 ip-172-31-0-100 [eb-cfn-init]:  7850K .......... .......... .......... .......... .......... 29%  109M 0s
Nov 28 05:01:37 ip-172-31-0-100 [eb-cfn-init]:  7900K .......... .......... .......... .......... .......... 30% 90.7M 0s
Nov 28 05:01:37 ip-172-31-0-100 [eb-cfn-init]:  7950K .......... .......... .......... .......... .......... 30%  107M 0s
Nov 28 05:01:37 ip-172-31-0-100 [eb-cfn-init]:  8000K .......... .......... .......... .......... .......... 30% 41.8M 0s
Nov 28 05:01:37 ip-172-31-0-100 [eb-cfn-init]:  8050K .......... .......... .......... .......... .......... 30% 10.7M 0s
Nov 28 05:01:37 ip-172-31-0-100 [eb-cfn-init]:  8100K .......... .......... .......... .......... .......... 30%  113M 0s
Nov 28 05:01:37 ip-172-31-0-100 [eb-cfn-init]:  8150K .......... .......... .......... .......... .......... 31%  107M 0s
Nov 28 05:01:37 ip-172-31-0-100 [eb-cfn-init]:  8200K .......... .......... .......... .......... .......... 31% 67.6M 0s
Nov 28 05:01:37 ip-172-31-0-100 [eb-cfn-init]:  8250K .......... .......... .......... .......... .......... 31% 81.4M 0s
Nov 28 05:01:37 ip-172-31-0-100 [eb-cfn-init]:  8300K .......... .......... .......... .......... .......... 31% 91.6M 0s
Nov 28 05:01:37 ip-172-31-0-100 [eb-cfn-init]:  8350K .......... .......... .......... .......... .......... 31%  108M 0s
Nov 28 05:01:37 ip-172-31-0-100 [eb-cfn-init]:  8400K .......... .......... .......... .......... .......... 31%  105M 0s
Nov 28 05:01:37 ip-172-31-0-100 [eb-cfn-init]:  8450K .......... .......... .......... .......... .......... 32% 86.6M 0s
Nov 28 05:01:37 ip-172-31-0-100 [eb-cfn-init]:  8500K .......... .......... .......... .......... .......... 32% 79.8M 0s
Nov 28 05:01:37 ip-172-31-0-100 [eb-cfn-init]:  8550K .......... .......... .......... .......... .......... 32%  120M 0s
Nov 28 05:01:37 ip-172-31-0-100 [eb-cfn-init]:  8600K .......... .......... .......... .......... .......... 32% 73.4M 0s
Nov 28 05:01:37 ip-172-31-0-100 [eb-cfn-init]:  8650K .......... .......... .......... .......... .......... 32% 11.5M 0s
Nov 28 05:01:37 ip-172-31-0-100 [eb-cfn-init]:  8700K .......... .......... .......... .......... .......... 33% 99.0M 0s
Nov 28 05:01:37 ip-172-31-0-100 [eb-cfn-init]:  8750K .......... .......... .......... .......... .......... 33%  104M 0s
Nov 28 05:01:37 ip-172-31-0-100 [eb-cfn-init]:  8800K .......... .......... .......... .......... .......... 33% 67.2M 0s
Nov 28 05:01:37 ip-172-31-0-100 [eb-cfn-init]:  8850K .......... .......... .......... .......... .......... 33% 75.9M 0s
Nov 28 05:01:37 ip-172-31-0-100 [eb-cfn-init]:  8900K .......... .......... .......... .......... .......... 33%  106M 0s
Nov 28 05:01:37 ip-172-31-0-100 [eb-cfn-init]:  8950K .......... .......... .......... .......... .......... 34%  114M 0s
Nov 28 05:01:37 ip-172-31-0-100 [eb-cfn-init]:  9000K .......... .......... .......... .......... .......... 34%  100M 0s
Nov 28 05:01:37 ip-172-31-0-100 [eb-cfn-init]:  9050K .......... .......... .......... .......... .......... 34% 72.5M 0s
Nov 28 05:01:37 ip-172-31-0-100 [eb-cfn-init]:  9100K .......... .......... .......... .......... .......... 34%  109M 0s
Nov 28 05:01:37 ip-172-31-0-100 [eb-cfn-init]:  9150K .......... .......... .......... .......... .......... 34% 78.8M 0s
Nov 28 05:01:37 ip-172-31-0-100 [eb-cfn-init]:  9200K .......... .......... .......... .......... .......... 34% 10.5M 0s
Nov 28 05:01:37 ip-172-31-0-100 [eb-cfn-init]:  9250K .......... .......... .......... .......... .......... 35%  105M 0s
Nov 28 05:01:37 ip-172-31-0-100 [eb-cfn-init]:  9300K .......... .......... .......... .......... .......... 35%  107M 0s
Nov 28 05:01:37 ip-172-31-0-100 [eb-cfn-init]:  9350K .......... .......... .......... .......... .......... 35% 73.0M 0s
Nov 28 05:01:37 ip-172-31-0-100 [eb-cfn-init]:  9400K .......... .......... .......... .......... .......... 35% 89.9M 0s
Nov 28 05:01:37 ip-172-31-0-100 [eb-cfn-init]:  9450K .......... .......... .......... .......... .......... 35% 94.9M 0s
Nov 28 05:01:37 ip-172-31-0-100 [eb-cfn-init]:  9500K .......... .......... .......... .......... .......... 36%  105M 0s
Nov 28 05:01:38 ip-172-31-0-100 [eb-cfn-init]:  9550K .......... .......... .......... .......... .......... 36%  104M 0s
Nov 28 05:01:38 ip-172-31-0-100 [eb-cfn-init]:  9600K .......... .......... .......... .......... .......... 36% 72.4M 0s
Nov 28 05:01:38 ip-172-31-0-100 [eb-cfn-init]:  9650K .......... .......... .......... .......... .......... 36% 96.5M 0s
Nov 28 05:01:38 ip-172-31-0-100 [eb-cfn-init]:  9700K .......... .......... .......... .......... .......... 36% 73.8M 0s
Nov 28 05:01:38 ip-172-31-0-100 [eb-cfn-init]:  9750K .......... .......... .......... .......... .......... 37% 10.2M 0s
Nov 28 05:01:38 ip-172-31-0-100 [eb-cfn-init]:  9800K .......... .......... .......... .......... .......... 37%  107M 0s
Nov 28 05:01:38 ip-172-31-0-100 [eb-cfn-init]:  9850K .......... .......... .......... .......... .......... 37%  104M 0s
Nov 28 05:01:38 ip-172-31-0-100 [eb-cfn-init]:  9900K .......... .......... .......... .......... .......... 37%  105M 0s
Nov 28 05:01:38 ip-172-31-0-100 [eb-cfn-init]:  9950K .......... .......... .......... .......... .......... 37% 67.6M 0s
Nov 28 05:01:38 ip-172-31-0-100 [eb-cfn-init]: 10000K .......... .......... .......... .......... .......... 38% 86.2M 0s
Nov 28 05:01:38 ip-172-31-0-100 [eb-cfn-init]: 10050K .......... .......... .......... .......... .......... 38% 76.8M 0s
Nov 28 05:01:38 ip-172-31-0-100 [eb-cfn-init]: 10100K .......... .......... .......... .......... .......... 38%  103M 0s
Nov 28 05:01:38 ip-172-31-0-100 [eb-cfn-init]: 10150K .......... .......... .......... .......... .......... 38%  104M 0s
Nov 28 05:01:38 ip-172-31-0-100 [eb-cfn-init]: 10200K .......... .......... .......... .......... .......... 38% 76.6M 0s
Nov 28 05:01:38 ip-172-31-0-100 [eb-cfn-init]: 10250K .......... .......... .......... .......... .......... 38%  102M 0s
Nov 28 05:01:38 ip-172-31-0-100 [eb-cfn-init]: 10300K .......... .......... .......... .......... .......... 39% 86.6M 0s
Nov 28 05:01:38 ip-172-31-0-100 [eb-cfn-init]: 10350K .......... .......... .......... .......... .......... 39%  104M 0s
Nov 28 05:01:38 ip-172-31-0-100 [eb-cfn-init]: 10400K .......... .......... .......... .......... .......... 39% 5.54M 0s
Nov 28 05:01:38 ip-172-31-0-100 [eb-cfn-init]: 10450K .......... .......... .......... .......... .......... 39%  104M 0s
Nov 28 05:01:38 ip-172-31-0-100 [eb-cfn-init]: 10500K .......... .......... .......... .......... .......... 39%  102M 0s
Nov 28 05:01:38 ip-172-31-0-100 [eb-cfn-init]: 10550K .......... .......... .......... .......... .......... 40%  106M 0s
Nov 28 05:01:38 ip-172-31-0-100 [eb-cfn-init]: 10600K .......... .......... .......... .......... .......... 40% 66.0M 0s
Nov 28 05:01:38 ip-172-31-0-100 [eb-cfn-init]: 10650K .......... .......... .......... .......... .......... 40% 89.5M 0s
Nov 28 05:01:38 ip-172-31-0-100 [eb-cfn-init]: 10700K .......... .......... .......... .......... .......... 40% 94.3M 0s
Nov 28 05:01:38 ip-172-31-0-100 [eb-cfn-init]: 10750K .......... .......... .......... .......... .......... 40% 99.3M 0s
Nov 28 05:01:38 ip-172-31-0-100 [eb-cfn-init]: 10800K .......... .......... .......... .......... .......... 41% 80.0M 0s
Nov 28 05:01:38 ip-172-31-0-100 [eb-cfn-init]: 10850K .......... .......... .......... .......... .......... 41% 69.0M 0s
Nov 28 05:01:38 ip-172-31-0-100 [eb-cfn-init]: 10900K .......... .......... .......... .......... .......... 41% 90.4M 0s
Nov 28 05:01:38 ip-172-31-0-100 [eb-cfn-init]: 10950K .......... .......... .......... .......... .......... 41%  103M 0s
Nov 28 05:01:38 ip-172-31-0-100 [eb-cfn-init]: 11000K .......... .......... .......... .......... .......... 41%  106M 0s
Nov 28 05:01:38 ip-172-31-0-100 [eb-cfn-init]: 11050K .......... .......... .......... .......... .......... 41% 75.6M 0s
Nov 28 05:01:38 ip-172-31-0-100 [eb-cfn-init]: 11100K .......... .......... .......... .......... .......... 42%  113M 0s
Nov 28 05:01:38 ip-172-31-0-100 [eb-cfn-init]: 11150K .......... .......... .......... .......... .......... 42% 83.0M 0s
Nov 28 05:01:38 ip-172-31-0-100 [eb-cfn-init]: 11200K .......... .......... .......... .......... .......... 42%  106M 0s
Nov 28 05:01:38 ip-172-31-0-100 dhclient[2791]: XMT: Solicit on eth0, interval 7710ms.
Nov 28 05:01:38 ip-172-31-0-100 [eb-cfn-init]: 11250K .......... .......... .......... .......... .......... 42%  108M 0s
Nov 28 05:01:38 ip-172-31-0-100 [eb-cfn-init]: 11300K .......... .......... .......... .......... .......... 42% 70.5M 0s
Nov 28 05:01:38 ip-172-31-0-100 [eb-cfn-init]: 11350K .......... .......... .......... .......... .......... 43% 94.4M 0s
Nov 28 05:01:38 ip-172-31-0-100 [eb-cfn-init]: 11400K .......... .......... .......... .......... .......... 43% 80.4M 0s
Nov 28 05:01:38 ip-172-31-0-100 [eb-cfn-init]: 11450K .......... .......... .......... .......... .......... 43%  106M 0s
Nov 28 05:01:38 ip-172-31-0-100 [eb-cfn-init]: 11500K .......... .......... .......... .......... .......... 43%  111M 0s
Nov 28 05:01:38 ip-172-31-0-100 [eb-cfn-init]: 11550K .......... .......... .......... .......... .......... 43%  106M 0s
Nov 28 05:01:38 ip-172-31-0-100 [eb-cfn-init]: 11600K .......... .......... .......... .......... .......... 44% 5.14M 0s
Nov 28 05:01:38 ip-172-31-0-100 [eb-cfn-init]: 11650K .......... .......... .......... .......... .......... 44%  108M 0s
Nov 28 05:01:38 ip-172-31-0-100 [eb-cfn-init]: 11700K .......... .......... .......... .......... .......... 44%  107M 0s
Nov 28 05:01:38 ip-172-31-0-100 [eb-cfn-init]: 11750K .......... .......... .......... .......... .......... 44%  106M 0s
Nov 28 05:01:38 ip-172-31-0-100 [eb-cfn-init]: 11800K .......... .......... .......... .......... .......... 44% 71.9M 0s
Nov 28 05:01:38 ip-172-31-0-100 [eb-cfn-init]: 11850K .......... .......... .......... .......... .......... 45% 89.9M 0s
Nov 28 05:01:38 ip-172-31-0-100 [eb-cfn-init]: 11900K .......... .......... .......... .......... .......... 45% 84.1M 0s
Nov 28 05:01:38 ip-172-31-0-100 [eb-cfn-init]: 11950K .......... .......... .......... .......... .......... 45%  125M 0s
Nov 28 05:01:38 ip-172-31-0-100 [eb-cfn-init]: 12000K .......... .......... .......... .......... .......... 45%  106M 0s
Nov 28 05:01:38 ip-172-31-0-100 [eb-cfn-init]: 12050K .......... .......... .......... .......... .......... 45%  111M 0s
Nov 28 05:01:38 ip-172-31-0-100 [eb-cfn-init]: 12100K .......... .......... .......... .......... .......... 45% 67.2M 0s
Nov 28 05:01:38 ip-172-31-0-100 [eb-cfn-init]: 12150K .......... .......... .......... .......... .......... 46% 92.7M 0s
Nov 28 05:01:38 ip-172-31-0-100 [eb-cfn-init]: 12200K .......... .......... .......... .......... .......... 46% 88.7M 0s
Nov 28 05:01:38 ip-172-31-0-100 [eb-cfn-init]: 12250K .......... .......... .......... .......... .......... 46%  102M 0s
Nov 28 05:01:38 ip-172-31-0-100 [eb-cfn-init]: 12300K .......... .......... .......... .......... .......... 46%  110M 0s
Nov 28 05:01:38 ip-172-31-0-100 [eb-cfn-init]: 12350K .......... .......... .......... .......... .......... 46% 86.2M 0s
Nov 28 05:01:38 ip-172-31-0-100 [eb-cfn-init]: 12400K .......... .......... .......... .......... .......... 47% 94.0M 0s
Nov 28 05:01:38 ip-172-31-0-100 [eb-cfn-init]: 12450K .......... .......... .......... .......... .......... 47% 73.7M 0s
Nov 28 05:01:38 ip-172-31-0-100 [eb-cfn-init]: 12500K .......... .......... .......... .......... .......... 47% 88.4M 0s
Nov 28 05:01:38 ip-172-31-0-100 [eb-cfn-init]: 12550K .......... .......... .......... .......... .......... 47% 96.7M 0s
Nov 28 05:01:38 ip-172-31-0-100 [eb-cfn-init]: 12600K .......... .......... .......... .......... .......... 47% 98.2M 0s
Nov 28 05:01:38 ip-172-31-0-100 [eb-cfn-init]: 12650K .......... .......... .......... .......... .......... 48% 93.2M 0s
Nov 28 05:01:38 ip-172-31-0-100 [eb-cfn-init]: 12700K .......... .......... .......... .......... .......... 48% 84.0M 0s
Nov 28 05:01:38 ip-172-31-0-100 [eb-cfn-init]: 12750K .......... .......... .......... .......... .......... 48% 89.7M 0s
Nov 28 05:01:38 ip-172-31-0-100 [eb-cfn-init]: 12800K .......... .......... .......... .......... .......... 48%  106M 0s
Nov 28 05:01:38 ip-172-31-0-100 [eb-cfn-init]: 12850K .......... .......... .......... .......... .......... 48% 86.4M 0s
Nov 28 05:01:38 ip-172-31-0-100 [eb-cfn-init]: 12900K .......... .......... .......... .......... .......... 48%  105M 0s
Nov 28 05:01:38 ip-172-31-0-100 [eb-cfn-init]: 12950K .......... .......... .......... .......... .......... 49% 10.1M 0s
Nov 28 05:01:38 ip-172-31-0-100 [eb-cfn-init]: 13000K .......... .......... .......... .......... .......... 49%  105M 0s
Nov 28 05:01:38 ip-172-31-0-100 [eb-cfn-init]: 13050K .......... .......... .......... .......... .......... 49%  100M 0s
Nov 28 05:01:38 ip-172-31-0-100 [eb-cfn-init]: 13100K .......... .......... .......... .......... .......... 49%  101M 0s
Nov 28 05:01:38 ip-172-31-0-100 [eb-cfn-init]: 13150K .......... .......... .......... .......... .......... 49% 64.4M 0s
Nov 28 05:01:38 ip-172-31-0-100 [eb-cfn-init]: 13200K .......... .......... .......... .......... .......... 50% 81.1M 0s
Nov 28 05:01:38 ip-172-31-0-100 [eb-cfn-init]: 13250K .......... .......... .......... .......... .......... 50%  106M 0s
Nov 28 05:01:38 ip-172-31-0-100 [eb-cfn-init]: 13300K .......... .......... .......... .......... .......... 50% 97.2M 0s
Nov 28 05:01:38 ip-172-31-0-100 [eb-cfn-init]: 13350K .......... .......... .......... .......... .......... 50%  107M 0s
Nov 28 05:01:38 ip-172-31-0-100 [eb-cfn-init]: 13400K .......... .......... .......... .......... .......... 50% 67.1M 0s
Nov 28 05:01:38 ip-172-31-0-100 [eb-cfn-init]: 13450K .......... .......... .......... .......... .......... 51% 95.8M 0s
Nov 28 05:01:38 ip-172-31-0-100 [eb-cfn-init]: 13500K .......... .......... .......... .......... .......... 51% 12.3M 0s
Nov 28 05:01:38 ip-172-31-0-100 [eb-cfn-init]: 13550K .......... .......... .......... .......... .......... 51%  108M 0s
